
C:\apps\updatetenantversion>node index.js 
usea1prda 2019-11-14T07:51:31.577Z
euce1prda 2019-11-14T07:51:31.611Z
apse2prda 2019-11-14T07:51:31.611Z

C:\apps\updatetenantversion>node index.js 
usea1prda 2019-11-14T08:51:31.673Z
apse2prda 2019-11-14T08:51:31.738Z
euce1prda 2019-11-14T08:51:31.738Z

C:\apps\updatetenantversion>node index.js 
euce1prda 2019-11-14T09:51:31.604Z
apse2prda 2019-11-14T09:51:31.604Z
usea1prda 2019-11-14T09:51:31.604Z

C:\apps\updatetenantversion>node index.js 
apse2prda 2019-11-14T10:51:32.881Z
euce1prda 2019-11-14T10:51:32.881Z
usea1prda 2019-11-14T10:51:32.881Z

C:\apps\updatetenantversion>node index.js 
apse2prda 2019-11-14T11:51:31.535Z
usea1prda 2019-11-14T11:51:31.555Z
euce1prda 2019-11-14T11:51:31.555Z

C:\apps\updatetenantversion>node index.js 
euce1prda 2019-11-14T12:51:31.787Z
apse2prda 2019-11-14T12:51:31.787Z
usea1prda 2019-11-14T12:51:31.795Z

C:\apps\updatetenantversion>node index.js 
usea1prda 2019-11-14T13:51:33.306Z
apse2prda 2019-11-14T13:51:33.306Z
euce1prda 2019-11-14T13:51:33.306Z

C:\apps\updatetenantversion>node index.js 
euce1prda 2019-11-14T14:51:31.682Z
usea1prda 2019-11-14T14:51:31.682Z
apse2prda 2019-11-14T14:51:31.682Z

C:\apps\updatetenantversion>node index.js 
usea1prda 2019-11-14T15:51:31.574Z
apse2prda 2019-11-14T15:51:31.574Z
euce1prda 2019-11-14T15:51:31.574Z

C:\apps\updatetenantversion>node index.js 
usea1prda 2019-11-14T15:52:47.064Z
euce1prda 2019-11-14T15:52:47.113Z
apse2prda 2019-11-14T15:52:47.113Z

C:\apps\updatetenantversion>node index.js 
euce1prda 2019-11-14T16:51:31.555Z
usea1prda 2019-11-14T16:51:31.555Z
apse2prda 2019-11-14T16:51:31.555Z

C:\apps\updatetenantversion>node index.js 
apse2prda 2019-11-14T17:51:31.850Z
usea1prda 2019-11-14T17:51:31.850Z
euce1prda 2019-11-14T17:51:31.850Z

C:\apps\updatetenantversion>node index.js 
apse2prda 2019-11-14T18:51:31.852Z
usea1prda 2019-11-14T18:51:31.852Z
euce1prda 2019-11-14T18:51:31.852Z

C:\apps\updatetenantversion>node index.js 
euce1prda 2019-11-14T19:51:32.839Z
apse2prda 2019-11-14T19:51:32.839Z
usea1prda 2019-11-14T19:51:32.839Z

C:\apps\updatetenantversion>node index.js 
usea1prda 2019-11-14T20:51:31.624Z
apse2prda 2019-11-14T20:51:31.624Z
euce1prda 2019-11-14T20:51:31.624Z

C:\apps\updatetenantversion>node index.js 
euce1prda 2019-11-14T21:51:33.331Z
usea1prda 2019-11-14T21:51:33.331Z
apse2prda 2019-11-14T21:51:33.331Z

C:\apps\updatetenantversion>node index.js 
Changed SWAROVSKI_PRD 'ce01024' ce01024 'ce01024'
Changed SWAROVSKI_TRN 'ce01024' ce01024 'ce01024'
usea1prda 2019-11-14T22:51:31.756Z
euce1prda 2019-11-14T22:51:31.780Z
apse2prda 2019-11-14T22:51:31.780Z

C:\apps\updatetenantversion>node index.js 
apse2prda 2019-11-14T23:51:32.943Z
euce1prda 2019-11-14T23:51:32.943Z
usea1prda 2019-11-14T23:51:32.943Z

C:\apps\updatetenantversion>node index.js 
apse2prda 2019-11-14T23:52:25.650Z
usea1prda 2019-11-14T23:52:25.650Z
euce1prda 2019-11-14T23:52:25.671Z

C:\apps\updatetenantversion>node index.js 
usea1prda 2019-11-15T00:51:32.203Z
apse2prda 2019-11-15T00:51:32.203Z
euce1prda 2019-11-15T00:51:32.203Z

C:\apps\updatetenantversion>node index.js 
euce1prda 2019-11-15T01:51:31.780Z
usea1prda 2019-11-15T01:51:31.780Z
apse2prda 2019-11-15T01:51:31.780Z

C:\apps\updatetenantversion>node index.js 
Changed SUPTGDENA004_TST '1060019' 1060019 '1060019'
euce1prda 2019-11-15T02:51:31.550Z
usea1prda 2019-11-15T02:51:31.579Z
apse2prda 2019-11-15T02:51:31.579Z

C:\apps\updatetenantversion>node index.js 
apse2prda 2019-11-15T03:51:31.720Z
usea1prda 2019-11-15T03:51:31.720Z
euce1prda 2019-11-15T03:51:31.720Z

C:\apps\updatetenantversion>node index.js 
apse2prda 2019-11-15T04:51:31.789Z
usea1prda 2019-11-15T04:51:31.789Z
euce1prda 2019-11-15T04:51:31.789Z

C:\apps\updatetenantversion>node index.js 
apse2prda 2019-11-15T05:51:31.742Z
usea1prda 2019-11-15T05:51:31.742Z
euce1prda 2019-11-15T05:51:31.742Z

C:\apps\updatetenantversion>node index.js 
euce1prda 2019-11-15T06:51:31.623Z
apse2prda 2019-11-15T06:51:31.623Z
usea1prda 2019-11-15T06:51:31.673Z

C:\apps\updatetenantversion>node index.js 
usea1prda 2019-11-15T07:51:32.470Z
apse2prda 2019-11-15T07:51:32.470Z
euce1prda 2019-11-15T07:51:32.470Z

C:\apps\updatetenantversion>node index.js 
usea1prda 2019-11-15T08:51:32.624Z
euce1prda 2019-11-15T08:51:32.624Z
apse2prda 2019-11-15T08:51:32.624Z

C:\apps\updatetenantversion>node index.js 
usea1prda 2019-11-15T09:51:33.160Z
apse2prda 2019-11-15T09:51:33.160Z
euce1prda 2019-11-15T09:51:33.175Z

C:\apps\updatetenantversion>node index.js 
usea1prda 2019-11-15T10:51:32.618Z
euce1prda 2019-11-15T10:51:32.618Z
apse2prda 2019-11-15T10:51:32.618Z

C:\apps\updatetenantversion>node index.js 
euce1prda 2019-11-15T11:51:32.342Z
apse2prda 2019-11-15T11:51:32.342Z
usea1prda 2019-11-15T11:51:32.354Z

C:\apps\updatetenantversion>node index.js 
apse2prda 2019-11-15T12:51:32.511Z
usea1prda 2019-11-15T12:51:32.511Z
euce1prda 2019-11-15T12:51:32.511Z

C:\apps\updatetenantversion>node index.js 
apse2prda 2019-11-15T13:51:32.326Z
euce1prda 2019-11-15T13:51:32.329Z
usea1prda 2019-11-15T13:51:32.329Z

C:\apps\updatetenantversion>node index.js 
usea1prda 2019-11-15T14:51:32.704Z
euce1prda 2019-11-15T14:51:32.704Z
apse2prda 2019-11-15T14:51:32.704Z

C:\apps\updatetenantversion>node index.js 
usea1prda 2019-11-15T15:51:32.388Z
apse2prda 2019-11-15T15:51:32.388Z
euce1prda 2019-11-15T15:51:32.420Z

C:\apps\updatetenantversion>node index.js 
euce1prda 2019-11-15T15:52:47.107Z
apse2prda 2019-11-15T15:52:47.107Z
usea1prda 2019-11-15T15:52:47.107Z

C:\apps\updatetenantversion>node index.js 
Changed EDUGDENA003_TST 'ce01025' ce01025 'ce01025'
usea1prda 2019-11-15T16:51:32.986Z
apse2prda 2019-11-15T16:51:33.013Z
euce1prda 2019-11-15T16:51:33.013Z

C:\apps\updatetenantversion>node index.js 
apse2prda 2019-11-15T17:51:35.371Z
euce1prda 2019-11-15T17:51:35.371Z
usea1prda 2019-11-15T17:51:35.371Z

C:\apps\updatetenantversion>node index.js 
euce1prda 2019-11-15T18:51:32.583Z
apse2prda 2019-11-15T18:51:32.583Z
usea1prda 2019-11-15T18:51:32.583Z

C:\apps\updatetenantversion>node index.js 
euce1prda 2019-11-15T19:51:33.137Z
apse2prda 2019-11-15T19:51:33.137Z
usea1prda 2019-11-15T19:51:33.145Z

C:\apps\updatetenantversion>node index.js 
usea1prda 2019-11-15T20:51:31.919Z
apse2prda 2019-11-15T20:51:31.919Z
euce1prda 2019-11-15T20:51:31.925Z

C:\apps\updatetenantversion>node index.js 
usea1prda 2019-11-15T21:51:33.349Z
euce1prda 2019-11-15T21:51:33.349Z
apse2prda 2019-11-15T21:51:33.349Z

C:\apps\updatetenantversion>node index.js 
apse2prda 2019-11-15T22:51:31.636Z
usea1prda 2019-11-15T22:51:31.636Z
Changed SWAROVSKI_TST 'ce01024' ce01024 'ce01024'
euce1prda 2019-11-15T22:51:31.888Z

C:\apps\updatetenantversion>node index.js 
usea1prda 2019-11-15T23:51:31.811Z
apse2prda 2019-11-15T23:51:32.704Z
euce1prda 2019-11-15T23:51:32.780Z

C:\apps\updatetenantversion>node index.js 
apse2prda 2019-11-15T23:52:25.599Z
euce1prda 2019-11-15T23:52:25.599Z
usea1prda 2019-11-15T23:52:25.610Z

C:\apps\updatetenantversion>node index.js 
apse2prda 2019-11-16T00:51:32.227Z
euce1prda 2019-11-16T00:51:32.227Z
usea1prda 2019-11-16T00:51:32.309Z

C:\apps\updatetenantversion>node index.js 
usea1prda 2019-11-16T01:51:31.780Z
apse2prda 2019-11-16T01:51:31.780Z
euce1prda 2019-11-16T01:51:31.780Z

C:\apps\updatetenantversion>node index.js 
Changed CLDOPSNA001_DEV 'ce01025' ce01025 'ce01025'
Changed INFORCQAAP_DEM '1060025' 1060025 '1060025'
usea1prda 2019-11-16T02:51:37.265Z
euce1prda 2019-11-16T02:51:37.265Z
apse2prda 2019-11-16T02:51:37.351Z

C:\apps\updatetenantversion>node index.js 
euce1prda 2019-11-16T03:51:31.620Z
apse2prda 2019-11-16T03:51:31.655Z
usea1prda 2019-11-16T03:51:32.177Z

C:\apps\updatetenantversion>node index.js 
usea1prda 2019-11-16T04:51:31.845Z
apse2prda 2019-11-16T04:51:31.845Z
euce1prda 2019-11-16T04:51:31.845Z

C:\apps\updatetenantversion>node index.js 
usea1prda 2019-11-16T05:51:31.809Z
apse2prda 2019-11-16T05:51:31.809Z
euce1prda 2019-11-16T05:51:31.969Z

C:\apps\updatetenantversion>node index.js 
usea1prda 2019-11-16T06:51:31.493Z
apse2prda 2019-11-16T06:51:31.745Z
euce1prda 2019-11-16T06:51:32.767Z

C:\apps\updatetenantversion>node index.js 
usea1prda 2019-11-16T07:51:33.455Z
apse2prda 2019-11-16T07:51:33.455Z
euce1prda 2019-11-16T07:51:34.296Z

C:\apps\updatetenantversion>node index.js 
apse2prda 2019-11-16T08:51:32.512Z
euce1prda 2019-11-16T08:51:32.512Z
usea1prda 2019-11-16T08:51:32.512Z

C:\apps\updatetenantversion>node index.js 
usea1prda 2019-11-16T09:51:32.209Z
euce1prda 2019-11-16T09:51:32.212Z
apse2prda 2019-11-16T09:51:32.405Z

C:\apps\updatetenantversion>node index.js 
apse2prda 2019-11-16T10:51:32.410Z
euce1prda 2019-11-16T10:51:32.410Z
usea1prda 2019-11-16T10:51:32.410Z

C:\apps\updatetenantversion>node index.js 
usea1prda 2019-11-16T11:51:32.228Z
apse2prda 2019-11-16T11:51:32.228Z
euce1prda 2019-11-16T11:51:32.228Z

C:\apps\updatetenantversion>node index.js 
usea1prda 2019-11-16T12:51:32.372Z
euce1prda 2019-11-16T12:51:32.392Z
apse2prda 2019-11-16T12:51:32.392Z

C:\apps\updatetenantversion>node index.js 
usea1prda 2019-11-16T13:51:32.243Z
apse2prda 2019-11-16T13:51:32.243Z
euce1prda 2019-11-16T13:51:32.447Z

C:\apps\updatetenantversion>node index.js 
euce1prda 2019-11-16T14:51:32.420Z
usea1prda 2019-11-16T14:51:32.432Z
Changed AIRWORK_TST 'ce01025' ce01025 'ce01025'
Changed WATERCARE_TST 'ce01024' ce01024 'ce01024'
apse2prda 2019-11-16T14:51:35.347Z

C:\apps\updatetenantversion>node index.js 
apse2prda 2019-11-16T15:51:32.258Z
euce1prda 2019-11-16T15:51:32.258Z
usea1prda 2019-11-16T15:51:32.258Z

C:\apps\updatetenantversion>node index.js 
usea1prda 2019-11-16T15:52:46.738Z
apse2prda 2019-11-16T15:52:46.738Z
euce1prda 2019-11-16T15:52:46.743Z

C:\apps\updatetenantversion>node index.js 
Changed INFORCQAUS_DEM '1060025' 1060025 '1060025'
Changed INFORCQAUS_TST 'ce01025' ce01025 'ce01025'
Changed SLSGDENA119_DEM 'ce01025' ce01025 'ce01025'
euce1prda 2019-11-16T16:51:32.618Z
usea1prda 2019-11-16T16:51:32.618Z
apse2prda 2019-11-16T16:51:32.618Z

C:\apps\updatetenantversion>node index.js 
usea1prda 2019-11-16T17:51:32.402Z
euce1prda 2019-11-16T17:51:32.402Z
apse2prda 2019-11-16T17:51:32.402Z

C:\apps\updatetenantversion>node index.js 
apse2prda 2019-11-16T18:51:32.569Z
usea1prda 2019-11-16T18:51:32.569Z
euce1prda 2019-11-16T18:51:34.055Z

C:\apps\updatetenantversion>node index.js 
apse2prda 2019-11-16T19:51:32.621Z
usea1prda 2019-11-16T19:51:32.623Z
euce1prda 2019-11-16T19:51:32.623Z

C:\apps\updatetenantversion>node index.js 
euce1prda 2019-11-16T20:51:31.509Z
apse2prda 2019-11-16T20:51:31.509Z
usea1prda 2019-11-16T20:51:31.527Z

C:\apps\updatetenantversion>node index.js 
usea1prda 2019-11-16T21:51:32.769Z
apse2prda 2019-11-16T21:51:32.776Z
euce1prda 2019-11-16T21:51:32.776Z

C:\apps\updatetenantversion>node index.js 
usea1prda 2019-11-16T22:51:31.517Z
euce1prda 2019-11-16T22:51:31.517Z
apse2prda 2019-11-16T22:51:31.724Z

C:\apps\updatetenantversion>node index.js 
euce1prda 2019-11-16T23:51:31.779Z
apse2prda 2019-11-16T23:51:31.779Z
usea1prda 2019-11-16T23:51:31.787Z

C:\apps\updatetenantversion>node index.js 
apse2prda 2019-11-16T23:52:25.964Z
euce1prda 2019-11-16T23:52:25.997Z
usea1prda 2019-11-16T23:52:25.997Z

C:\apps\updatetenantversion>node index.js 
apse2prda 2019-11-17T00:51:31.970Z
euce1prda 2019-11-17T00:51:31.970Z
usea1prda 2019-11-17T00:51:31.970Z

C:\apps\updatetenantversion>node index.js 
apse2prda 2019-11-17T01:51:31.799Z
euce1prda 2019-11-17T01:51:33.573Z
usea1prda 2019-11-17T01:51:33.607Z

C:\apps\updatetenantversion>node index.js 
apse2prda 2019-11-17T02:51:31.551Z
usea1prda 2019-11-17T02:51:31.551Z
euce1prda 2019-11-17T02:51:31.551Z

C:\apps\updatetenantversion>node index.js 
euce1prda 2019-11-17T03:51:33.764Z
usea1prda 2019-11-17T03:51:33.764Z
apse2prda 2019-11-17T03:51:33.764Z

C:\apps\updatetenantversion>node index.js 
Changed ICSEUWNA001_DEM 'ce01025' ce01025 'ce01025'
Changed SLSGDENA037_DEM 'ce01025' ce01025 'ce01025'
Changed SLSGDENA076_DEM 'ce01025' ce01025 'ce01025'
Changed SLSGDENA078_DEM 'ce01025' ce01025 'ce01025'
apse2prda 2019-11-17T04:51:31.849Z
usea1prda 2019-11-17T04:51:31.890Z
euce1prda 2019-11-17T04:51:31.890Z

C:\apps\updatetenantversion>node index.js 
usea1prda 2019-11-17T05:51:33.139Z
apse2prda 2019-11-17T05:51:33.139Z
euce1prda 2019-11-17T05:51:33.139Z

C:\apps\updatetenantversion>node index.js 
usea1prda 2019-11-17T06:51:36.214Z
apse2prda 2019-11-17T06:51:36.214Z
euce1prda 2019-11-17T06:51:36.214Z

C:\apps\updatetenantversion>node index.js 
usea1prda 2019-11-17T07:51:38.874Z
euce1prda 2019-11-17T07:51:38.874Z
apse2prda 2019-11-17T07:51:38.874Z

C:\apps\updatetenantversion>node index.js 
usea1prda 2019-11-17T08:51:31.918Z
euce1prda 2019-11-17T08:51:31.918Z
apse2prda 2019-11-17T08:51:31.918Z

C:\apps\updatetenantversion>node index.js 
euce1prda 2019-11-17T09:51:31.610Z
apse2prda 2019-11-17T09:51:31.628Z
usea1prda 2019-11-17T09:51:31.628Z

C:\apps\updatetenantversion>node index.js 
usea1prda 2019-11-17T10:51:31.748Z
euce1prda 2019-11-17T10:51:31.766Z
apse2prda 2019-11-17T10:51:31.766Z

C:\apps\updatetenantversion>node index.js 
usea1prda 2019-11-17T11:51:31.751Z
euce1prda 2019-11-17T11:51:31.792Z
apse2prda 2019-11-17T11:51:31.792Z

C:\apps\updatetenantversion>node index.js 
apse2prda 2019-11-17T12:51:32.104Z
euce1prda 2019-11-17T12:51:32.175Z
usea1prda 2019-11-17T12:51:32.175Z

C:\apps\updatetenantversion>node index.js 
apse2prda 2019-11-17T13:51:32.403Z
usea1prda 2019-11-17T13:51:32.403Z
euce1prda 2019-11-17T13:51:32.403Z

C:\apps\updatetenantversion>node index.js 
apse2prda 2019-11-17T14:51:31.903Z
usea1prda 2019-11-17T14:51:31.903Z
euce1prda 2019-11-17T14:51:31.903Z

C:\apps\updatetenantversion>node index.js 
apse2prda 2019-11-17T15:51:32.143Z
euce1prda 2019-11-17T15:51:32.143Z
usea1prda 2019-11-17T15:51:32.236Z

C:\apps\updatetenantversion>node index.js 
apse2prda 2019-11-17T15:52:47.181Z
euce1prda 2019-11-17T15:52:47.181Z
usea1prda 2019-11-17T15:52:47.197Z

C:\apps\updatetenantversion>node index.js 
apse2prda 2019-11-17T16:51:32.014Z
usea1prda 2019-11-17T16:51:32.014Z
euce1prda 2019-11-17T16:51:32.014Z

C:\apps\updatetenantversion>node index.js 
apse2prda 2019-11-17T17:51:41.859Z
euce1prda 2019-11-17T17:51:41.859Z
usea1prda 2019-11-17T17:51:41.859Z

C:\apps\updatetenantversion>node index.js 
usea1prda 2019-11-17T18:51:31.900Z
apse2prda 2019-11-17T18:51:31.900Z
euce1prda 2019-11-17T18:51:31.900Z

C:\apps\updatetenantversion>node index.js 
apse2prda 2019-11-17T19:51:32.750Z
usea1prda 2019-11-17T19:51:32.750Z
euce1prda 2019-11-17T19:51:32.750Z

C:\apps\updatetenantversion>node index.js 
euce1prda 2019-11-17T20:51:31.555Z
apse2prda 2019-11-17T20:51:31.555Z
usea1prda 2019-11-17T20:51:31.567Z

C:\apps\updatetenantversion>node index.js 
apse2prda 2019-11-17T21:51:32.543Z
euce1prda 2019-11-17T21:51:32.543Z
usea1prda 2019-11-17T21:51:32.543Z

C:\apps\updatetenantversion>node index.js 
euce1prda 2019-11-17T22:51:31.613Z
apse2prda 2019-11-17T22:51:31.613Z
usea1prda 2019-11-17T22:51:31.613Z

C:\apps\updatetenantversion>node index.js 
apse2prda 2019-11-17T23:51:31.701Z
usea1prda 2019-11-17T23:51:31.701Z
euce1prda 2019-11-17T23:51:31.701Z

C:\apps\updatetenantversion>node index.js 
euce1prda 2019-11-17T23:52:25.255Z
usea1prda 2019-11-17T23:52:25.278Z
apse2prda 2019-11-17T23:52:25.278Z

C:\apps\updatetenantversion>node index.js 
euce1prda 2019-11-18T00:51:31.915Z
usea1prda 2019-11-18T00:51:31.915Z
apse2prda 2019-11-18T00:51:31.915Z

C:\apps\updatetenantversion>node index.js 
apse2prda 2019-11-18T01:51:31.824Z
usea1prda 2019-11-18T01:51:31.864Z
euce1prda 2019-11-18T01:51:31.864Z

C:\apps\updatetenantversion>node index.js 
apse2prda 2019-11-18T02:51:31.723Z
euce1prda 2019-11-18T02:51:31.741Z
usea1prda 2019-11-18T02:51:31.741Z

C:\apps\updatetenantversion>node index.js 
apse2prda 2019-11-18T03:51:31.971Z
euce1prda 2019-11-18T03:51:31.971Z
usea1prda 2019-11-18T03:51:31.971Z

C:\apps\updatetenantversion>node index.js 
Changed APTIM_DEM 'ce01025' ce01025 'ce01025'
Changed TRC4R_DEV 'ce01025' ce01025 'ce01025'
apse2prda 2019-11-18T04:51:31.900Z
usea1prda 2019-11-18T04:51:31.898Z
euce1prda 2019-11-18T04:51:31.898Z

C:\apps\updatetenantversion>node index.js 
euce1prda 2019-11-18T05:51:31.698Z
usea1prda 2019-11-18T05:51:31.698Z
apse2prda 2019-11-18T05:51:31.698Z

C:\apps\updatetenantversion>node index.js 
apse2prda 2019-11-18T06:51:31.609Z
euce1prda 2019-11-18T06:51:31.609Z
usea1prda 2019-11-18T06:51:31.609Z

C:\apps\updatetenantversion>node index.js 
apse2prda 2019-11-18T07:51:32.933Z
euce1prda 2019-11-18T07:51:32.980Z
usea1prda 2019-11-18T07:51:32.980Z

C:\apps\updatetenantversion>node index.js 
usea1prda 2019-11-18T08:51:32.379Z
euce1prda 2019-11-18T08:51:32.379Z
apse2prda 2019-11-18T08:51:32.379Z

C:\apps\updatetenantversion>node index.js 
apse2prda 2019-11-18T09:51:32.262Z
usea1prda 2019-11-18T09:51:32.287Z
euce1prda 2019-11-18T09:51:32.287Z

C:\apps\updatetenantversion>node index.js 
apse2prda 2019-11-18T10:51:32.384Z
usea1prda 2019-11-18T10:51:32.409Z
euce1prda 2019-11-18T10:51:32.409Z

C:\apps\updatetenantversion>node index.js 
apse2prda 2019-11-18T11:51:32.350Z
euce1prda 2019-11-18T11:51:32.365Z
usea1prda 2019-11-18T11:51:32.365Z

C:\apps\updatetenantversion>node index.js 
apse2prda 2019-11-18T12:51:32.331Z
usea1prda 2019-11-18T12:51:32.365Z
euce1prda 2019-11-18T12:51:32.365Z

C:\apps\updatetenantversion>node index.js 
apse2prda 2019-11-18T13:51:32.040Z
usea1prda 2019-11-18T13:51:32.092Z
euce1prda 2019-11-18T13:51:32.092Z

C:\apps\updatetenantversion>node index.js 
usea1prda 2019-11-18T14:51:33.886Z
euce1prda 2019-11-18T14:51:33.886Z
apse2prda 2019-11-18T14:51:33.886Z

C:\apps\updatetenantversion>node index.js 
usea1prda 2019-11-18T15:51:32.126Z
apse2prda 2019-11-18T15:51:32.126Z
euce1prda 2019-11-18T15:51:32.145Z

C:\apps\updatetenantversion>node index.js 
apse2prda 2019-11-18T15:52:47.124Z
usea1prda 2019-11-18T15:52:47.124Z
euce1prda 2019-11-18T15:52:47.124Z

C:\apps\updatetenantversion>node index.js 
euce1prda 2019-11-18T16:51:32.463Z
apse2prda 2019-11-18T16:51:32.463Z
usea1prda 2019-11-18T16:51:32.463Z

C:\apps\updatetenantversion>node index.js 
usea1prda 2019-11-18T17:51:32.240Z
apse2prda 2019-11-18T17:51:32.240Z
euce1prda 2019-11-18T17:51:32.254Z

C:\apps\updatetenantversion>node index.js 
usea1prda 2019-11-18T18:51:32.217Z
apse2prda 2019-11-18T18:51:32.217Z
euce1prda 2019-11-18T18:51:32.217Z

C:\apps\updatetenantversion>node index.js 
usea1prda 2019-11-18T19:51:32.784Z
apse2prda 2019-11-18T19:51:32.784Z
euce1prda 2019-11-18T19:51:32.784Z

C:\apps\updatetenantversion>node index.js 
usea1prda 2019-11-18T20:51:31.613Z
apse2prda 2019-11-18T20:51:31.635Z
euce1prda 2019-11-18T20:51:31.635Z

C:\apps\updatetenantversion>node index.js 
usea1prda 2019-11-18T21:51:32.942Z
euce1prda 2019-11-18T21:51:32.942Z
apse2prda 2019-11-18T21:51:32.942Z

C:\apps\updatetenantversion>node index.js 
Not Found  GRUPPOCDM_TRN Frankfurt ce01025 'ce01025'
apse2prda 2019-11-18T22:51:31.517Z
usea1prda 2019-11-18T22:51:31.524Z
euce1prda 2019-11-18T22:51:31.524Z

C:\apps\updatetenantversion>node index.js 
euce1prda 2019-11-18T23:51:31.747Z
usea1prda 2019-11-18T23:51:31.747Z
apse2prda 2019-11-18T23:51:31.747Z

C:\apps\updatetenantversion>node index.js 
apse2prda 2019-11-18T23:52:25.622Z
euce1prda 2019-11-18T23:52:25.622Z
usea1prda 2019-11-18T23:52:25.622Z

C:\apps\updatetenantversion>node index.js 
euce1prda 2019-11-19T00:51:31.888Z
apse2prda 2019-11-19T00:51:31.888Z
usea1prda 2019-11-19T00:51:34.532Z

C:\apps\updatetenantversion>node index.js 
apse2prda 2019-11-19T01:51:31.753Z
usea1prda 2019-11-19T01:51:31.753Z
euce1prda 2019-11-19T01:51:31.753Z

C:\apps\updatetenantversion>node index.js 
apse2prda 2019-11-19T02:51:31.520Z
usea1prda 2019-11-19T02:51:31.520Z
euce1prda 2019-11-19T02:51:31.559Z

C:\apps\updatetenantversion>node index.js 
usea1prda 2019-11-19T03:51:31.768Z
apse2prda 2019-11-19T03:51:31.768Z
euce1prda 2019-11-19T03:51:31.768Z

C:\apps\updatetenantversion>node index.js 
Changed BRAY_TRN 'ce01025' ce01025 'ce01025'
Changed BRAY_TST 'ce01025' ce01025 'ce01025'
euce1prda 2019-11-19T04:51:31.729Z
usea1prda 2019-11-19T04:51:31.729Z
apse2prda 2019-11-19T04:51:31.729Z

C:\apps\updatetenantversion>node index.js 
apse2prda 2019-11-19T05:51:31.861Z
usea1prda 2019-11-19T05:51:31.861Z
euce1prda 2019-11-19T05:51:31.861Z

C:\apps\updatetenantversion>node index.js 
apse2prda 2019-11-19T06:51:36.474Z
usea1prda 2019-11-19T06:51:36.474Z
euce1prda 2019-11-19T06:51:36.478Z

C:\apps\updatetenantversion>node index.js 
apse2prda 2019-11-19T07:51:32.371Z
euce1prda 2019-11-19T07:51:32.371Z
usea1prda 2019-11-19T07:51:32.371Z

C:\apps\updatetenantversion>node index.js 
euce1prda 2019-11-19T08:51:32.360Z
usea1prda 2019-11-19T08:51:32.360Z
apse2prda 2019-11-19T08:51:32.360Z

C:\apps\updatetenantversion>node index.js 
usea1prda 2019-11-19T09:51:32.179Z
apse2prda 2019-11-19T09:51:32.179Z
euce1prda 2019-11-19T09:51:32.194Z

C:\apps\updatetenantversion>node index.js 
apse2prda 2019-11-19T10:51:33.173Z
euce1prda 2019-11-19T10:51:33.180Z
usea1prda 2019-11-19T10:51:33.180Z

C:\apps\updatetenantversion>node index.js 
apse2prda 2019-11-19T11:51:32.193Z
euce1prda 2019-11-19T11:51:32.193Z
usea1prda 2019-11-19T11:51:32.193Z

C:\apps\updatetenantversion>node index.js 
usea1prda 2019-11-19T12:51:32.650Z
apse2prda 2019-11-19T12:51:32.650Z
euce1prda 2019-11-19T12:51:32.650Z

C:\apps\updatetenantversion>node index.js 
usea1prda 2019-11-19T13:51:32.166Z
euce1prda 2019-11-19T13:51:32.166Z
apse2prda 2019-11-19T13:51:32.204Z

C:\apps\updatetenantversion>node index.js 
apse2prda 2019-11-19T14:51:33.300Z
euce1prda 2019-11-19T14:51:33.300Z
usea1prda 2019-11-19T14:51:33.300Z

C:\apps\updatetenantversion>node index.js 
apse2prda 2019-11-19T15:51:32.237Z
usea1prda 2019-11-19T15:51:32.237Z
euce1prda 2019-11-19T15:51:32.237Z

C:\apps\updatetenantversion>node index.js 
usea1prda 2019-11-19T15:52:46.717Z
apse2prda 2019-11-19T15:52:46.717Z
euce1prda 2019-11-19T15:52:47.717Z

C:\apps\updatetenantversion>node index.js 
Changed BRAY_PRD 'ce01025' ce01025 'ce01025'
Changed SUPTGDENA004_DEV 'ce01025' ce01025 'ce01025'
euce1prda 2019-11-19T16:51:32.603Z
usea1prda 2019-11-19T16:51:32.603Z
apse2prda 2019-11-19T16:51:32.603Z

C:\apps\updatetenantversion>node index.js 
apse2prda 2019-11-19T17:51:33.893Z
usea1prda 2019-11-19T17:51:33.913Z
euce1prda 2019-11-19T17:51:33.913Z

C:\apps\updatetenantversion>node index.js 
euce1prda 2019-11-19T18:51:32.127Z
usea1prda 2019-11-19T18:51:32.127Z
apse2prda 2019-11-19T18:51:32.143Z

C:\apps\updatetenantversion>node index.js 
apse2prda 2019-11-19T19:51:32.652Z
usea1prda 2019-11-19T19:51:32.652Z
euce1prda 2019-11-19T19:51:32.652Z

C:\apps\updatetenantversion>node index.js 
euce1prda 2019-11-19T20:51:32.523Z
apse2prda 2019-11-19T20:51:32.523Z
usea1prda 2019-11-19T20:51:32.531Z

C:\apps\updatetenantversion>node index.js 
apse2prda 2019-11-19T21:52:00.894Z
usea1prda 2019-11-19T21:52:00.894Z
euce1prda 2019-11-19T21:52:00.894Z

C:\apps\updatetenantversion>node index.js 
Changed LHG_TRN 'ce01024' ce01024 'ce01024'
apse2prda 2019-11-19T22:51:31.559Z
euce1prda 2019-11-19T22:51:31.603Z
usea1prda 2019-11-19T22:51:31.603Z

C:\apps\updatetenantversion>node index.js 
usea1prda 2019-11-19T23:51:31.680Z
euce1prda 2019-11-19T23:51:31.680Z
apse2prda 2019-11-19T23:51:31.689Z

C:\apps\updatetenantversion>node index.js 
euce1prda 2019-11-19T23:52:25.964Z
apse2prda 2019-11-19T23:52:25.981Z
usea1prda 2019-11-19T23:52:25.981Z

C:\apps\updatetenantversion>node index.js 
euce1prda 2019-11-20T00:51:31.951Z
apse2prda 2019-11-20T00:51:31.951Z
usea1prda 2019-11-20T00:51:31.951Z

C:\apps\updatetenantversion>node index.js 
apse2prda 2019-11-20T01:51:31.880Z
euce1prda 2019-11-20T01:51:31.880Z
usea1prda 2019-11-20T01:51:31.880Z

C:\apps\updatetenantversion>node index.js 
apse2prda 2019-11-20T02:51:31.623Z
euce1prda 2019-11-20T02:51:31.623Z
usea1prda 2019-11-20T02:51:31.623Z

C:\apps\updatetenantversion>node index.js 
apse2prda 2019-11-20T03:51:32.012Z
euce1prda 2019-11-20T03:51:32.012Z
usea1prda 2019-11-20T03:51:32.037Z

C:\apps\updatetenantversion>node index.js 
Changed OBERG_TST 'ce01025' ce01025 'ce01025'
usea1prda 2019-11-20T04:51:31.872Z
euce1prda 2019-11-20T04:51:31.872Z
apse2prda 2019-11-20T04:51:31.872Z

C:\apps\updatetenantversion>node index.js 
apse2prda 2019-11-20T05:51:32.736Z
euce1prda 2019-11-20T05:51:32.736Z
usea1prda 2019-11-20T05:51:32.736Z

C:\apps\updatetenantversion>node index.js 
apse2prda 2019-11-20T06:51:32.174Z
usea1prda 2019-11-20T06:51:32.224Z
euce1prda 2019-11-20T06:51:32.244Z

C:\apps\updatetenantversion>node index.js 
apse2prda 2019-11-20T07:51:32.417Z
usea1prda 2019-11-20T07:51:32.417Z
euce1prda 2019-11-20T07:51:32.417Z

C:\apps\updatetenantversion>node index.js 
apse2prda 2019-11-20T08:51:32.057Z
euce1prda 2019-11-20T08:51:32.057Z
usea1prda 2019-11-20T08:51:32.064Z

C:\apps\updatetenantversion>node index.js 
euce1prda 2019-11-20T09:51:31.886Z
usea1prda 2019-11-20T09:51:31.953Z
apse2prda 2019-11-20T09:51:31.953Z

C:\apps\updatetenantversion>node index.js 
euce1prda 2019-11-20T10:51:32.260Z
apse2prda 2019-11-20T10:51:32.260Z
usea1prda 2019-11-20T10:51:32.260Z

C:\apps\updatetenantversion>node index.js 
apse2prda 2019-11-20T11:51:32.565Z
usea1prda 2019-11-20T11:51:32.596Z
euce1prda 2019-11-20T11:51:32.596Z

C:\apps\updatetenantversion>node index.js 
apse2prda 2019-11-20T12:51:32.388Z
usea1prda 2019-11-20T12:51:32.427Z
euce1prda 2019-11-20T12:51:32.427Z

C:\apps\updatetenantversion>node index.js 
euce1prda 2019-11-20T13:51:32.337Z
apse2prda 2019-11-20T13:51:32.354Z
usea1prda 2019-11-20T13:51:32.354Z

C:\apps\updatetenantversion>node index.js 
Changed WATERCARE_DEM 'ce01024' ce01024 'ce01024'
usea1prda 2019-11-20T14:51:32.004Z
apse2prda 2019-11-20T14:51:32.004Z
euce1prda 2019-11-20T14:51:32.004Z

C:\apps\updatetenantversion>node index.js 
apse2prda 2019-11-20T15:51:32.435Z
usea1prda 2019-11-20T15:51:32.435Z
euce1prda 2019-11-20T15:51:32.435Z

C:\apps\updatetenantversion>node index.js 
apse2prda 2019-11-20T15:52:46.296Z
usea1prda 2019-11-20T15:52:46.312Z
euce1prda 2019-11-20T15:52:46.312Z

C:\apps\updatetenantversion>node index.js 
apse2prda 2019-11-20T16:51:32.123Z
euce1prda 2019-11-20T16:51:32.123Z
usea1prda 2019-11-20T16:51:32.123Z

C:\apps\updatetenantversion>node index.js 
euce1prda 2019-11-20T17:51:38.071Z
usea1prda 2019-11-20T17:51:38.071Z
apse2prda 2019-11-20T17:51:38.071Z

C:\apps\updatetenantversion>node index.js 
euce1prda 2019-11-20T18:51:31.931Z
usea1prda 2019-11-20T18:51:31.935Z
apse2prda 2019-11-20T18:51:31.935Z

C:\apps\updatetenantversion>node index.js 
usea1prda 2019-11-20T19:51:33.163Z
euce1prda 2019-11-20T19:51:33.166Z
apse2prda 2019-11-20T19:51:33.166Z

C:\apps\updatetenantversion>node index.js 
apse2prda 2019-11-20T20:51:31.614Z
usea1prda 2019-11-20T20:51:31.614Z
euce1prda 2019-11-20T20:51:31.614Z

C:\apps\updatetenantversion>node index.js 
apse2prda 2019-11-20T21:51:32.873Z
euce1prda 2019-11-20T21:51:32.876Z
usea1prda 2019-11-20T21:51:32.876Z

C:\apps\updatetenantversion>node index.js 
apse2prda 2019-11-20T22:51:36.114Z
usea1prda 2019-11-20T22:51:36.145Z
euce1prda 2019-11-20T22:51:36.145Z

C:\apps\updatetenantversion>node index.js 
euce1prda 2019-11-20T23:51:31.708Z
apse2prda 2019-11-20T23:51:31.738Z
usea1prda 2019-11-20T23:51:31.738Z

C:\apps\updatetenantversion>node index.js 
euce1prda 2019-11-20T23:52:25.836Z
apse2prda 2019-11-20T23:52:25.836Z
usea1prda 2019-11-20T23:52:25.836Z

C:\apps\updatetenantversion>node index.js 
apse2prda 2019-11-21T00:51:31.984Z
euce1prda 2019-11-21T00:51:31.984Z
usea1prda 2019-11-21T00:51:31.984Z

C:\apps\updatetenantversion>node index.js 
euce1prda 2019-11-21T01:51:32.403Z
usea1prda 2019-11-21T01:51:32.403Z
apse2prda 2019-11-21T01:51:32.403Z

C:\apps\updatetenantversion>node index.js 
euce1prda 2019-11-21T02:51:32.142Z
apse2prda 2019-11-21T02:51:32.149Z
usea1prda 2019-11-21T02:51:32.418Z

C:\apps\updatetenantversion>node index.js 
apse2prda 2019-11-21T03:51:31.847Z
usea1prda 2019-11-21T03:51:31.847Z
euce1prda 2019-11-21T03:51:31.847Z

C:\apps\updatetenantversion>node index.js 
Changed AITHERMAL_DEV 'ce01025' ce01025 'ce01025'
Changed CAFESOLUBLE_TRN 'ce01025' ce01025 'ce01025'
Changed CAFESOLUBLE_TST 'ce01025' ce01025 'ce01025'
Changed MILLERIND_TRN 'ce01025' ce01025 'ce01025'
Changed MILLERIND_TST 'ce01025' ce01025 'ce01025'
apse2prda 2019-11-21T04:51:31.769Z
usea1prda 2019-11-21T04:51:31.769Z
euce1prda 2019-11-21T04:51:31.769Z

C:\apps\updatetenantversion>node index.js 
euce1prda 2019-11-21T05:51:32.167Z
usea1prda 2019-11-21T05:51:32.170Z
apse2prda 2019-11-21T05:51:32.170Z

C:\apps\updatetenantversion>node index.js 
euce1prda 2019-11-21T06:51:31.509Z
apse2prda 2019-11-21T06:51:31.509Z
usea1prda 2019-11-21T06:51:31.523Z

C:\apps\updatetenantversion>node index.js 
usea1prda 2019-11-21T07:51:32.632Z
euce1prda 2019-11-21T07:51:32.632Z
apse2prda 2019-11-21T07:51:32.632Z

C:\apps\updatetenantversion>node index.js 
euce1prda 2019-11-21T08:51:32.920Z
usea1prda 2019-11-21T08:51:32.920Z
apse2prda 2019-11-21T08:51:32.935Z

C:\apps\updatetenantversion>node index.js 
euce1prda 2019-11-21T09:51:32.552Z
apse2prda 2019-11-21T09:51:32.552Z
usea1prda 2019-11-21T09:51:32.552Z

C:\apps\updatetenantversion>node index.js 
Changed ALKHALDI_TST 'ce01024' ce01024 'ce01024'
euce1prda 2019-11-21T10:51:32.948Z
usea1prda 2019-11-21T10:51:32.950Z
apse2prda 2019-11-21T10:51:32.950Z

C:\apps\updatetenantversion>node index.js 
apse2prda 2019-11-21T11:51:33.254Z
euce1prda 2019-11-21T11:51:33.288Z
usea1prda 2019-11-21T11:51:33.288Z

C:\apps\updatetenantversion>node index.js 
euce1prda 2019-11-21T12:51:32.781Z
apse2prda 2019-11-21T12:51:32.781Z
usea1prda 2019-11-21T12:51:32.789Z

C:\apps\updatetenantversion>node index.js 
apse2prda 2019-11-21T13:51:32.601Z
euce1prda 2019-11-21T13:51:32.601Z
usea1prda 2019-11-21T13:51:32.601Z

C:\apps\updatetenantversion>node index.js 
apse2prda 2019-11-21T14:51:32.700Z
euce1prda 2019-11-21T14:51:32.700Z
usea1prda 2019-11-21T14:51:32.700Z

C:\apps\updatetenantversion>node index.js 
apse2prda 2019-11-21T15:51:32.577Z
usea1prda 2019-11-21T15:51:32.625Z
euce1prda 2019-11-21T15:51:32.625Z

C:\apps\updatetenantversion>node index.js 
usea1prda 2019-11-21T15:52:47.389Z
apse2prda 2019-11-21T15:52:47.389Z
euce1prda 2019-11-21T15:52:47.389Z

C:\apps\updatetenantversion>node index.js 
euce1prda 2019-11-21T16:51:32.524Z
apse2prda 2019-11-21T16:51:32.524Z
usea1prda 2019-11-21T16:51:32.524Z

C:\apps\updatetenantversion>node index.js 
apse2prda 2019-11-21T17:51:32.679Z
euce1prda 2019-11-21T17:51:32.679Z
usea1prda 2019-11-21T17:51:32.689Z

C:\apps\updatetenantversion>node index.js 
euce1prda 2019-11-21T18:51:32.532Z
apse2prda 2019-11-21T18:51:32.532Z
usea1prda 2019-11-21T18:51:32.532Z

C:\apps\updatetenantversion>node index.js 
apse2prda 2019-11-21T19:51:33.035Z
euce1prda 2019-11-21T19:51:33.035Z
usea1prda 2019-11-21T19:51:33.035Z

C:\apps\updatetenantversion>node index.js 
apse2prda 2019-11-21T20:51:33.185Z
usea1prda 2019-11-21T20:51:33.185Z
euce1prda 2019-11-21T20:51:33.185Z

C:\apps\updatetenantversion>node index.js 
apse2prda 2019-11-21T21:51:32.656Z
euce1prda 2019-11-21T21:51:32.656Z
usea1prda 2019-11-21T21:51:32.656Z

C:\apps\updatetenantversion>node index.js 
Not Found  AMS_PRD Frankfurt ce01025 'ce01025'
Not Found  AMS_TRN Frankfurt ce01025 'ce01025'
Not Found  AMS_TST Frankfurt ce01025 'ce01025'
apse2prda 2019-11-21T22:51:32.123Z
euce1prda 2019-11-21T22:51:32.152Z
usea1prda 2019-11-21T22:51:32.331Z

C:\apps\updatetenantversion>node index.js 
apse2prda 2019-11-21T23:51:31.744Z
usea1prda 2019-11-21T23:51:34.613Z
euce1prda 2019-11-21T23:51:34.621Z

C:\apps\updatetenantversion>node index.js 
euce1prda 2019-11-21T23:52:26.646Z
apse2prda 2019-11-21T23:52:26.730Z
usea1prda 2019-11-21T23:52:26.952Z

C:\apps\updatetenantversion>node index.js 
apse2prda 2019-11-22T00:51:32.200Z
usea1prda 2019-11-22T00:51:32.231Z
euce1prda 2019-11-22T00:51:33.940Z

C:\apps\updatetenantversion>node index.js 
{ FetchError: invalid json response body at https://grafana.monocle.infor.com/api/datasources/proxy/293/query?db=telegraf&q=SELECT%20%22tenantId%22%20AS%20%22Tenant%22%2C%20%22name%22%20AS%20%22Tenant%20Name%22%2C%20%22packComb%22%20AS%20%22Pck.%20Comb.%22%2C%20%22tenantStatus%22%20AS%20%22Tenant%20Status%22%2C%20%22operationalState%22%20AS%20%22Operational%20Status%22%2C%20%22processStatus%22%20AS%20%22Process%20Status%22%2C%20%22farmName%22%20AS%20%22Farm%20Name%22%20FROM%20%22eln-tenants-data%22%20WHERE%20(%22farmName%22%20%3D~%20%2F%5Eusea1prda%24%2F)%20AND%20time%20%3E%3D%20now()%20-%2012h&epoch=ms reason: Unexpected end of JSON input
    at C:\apps\updatetenantversion\node_modules\node-fetch\lib\index.js:254:32
    at process._tickCallback (internal/process/next_tick.js:68:7)
  message:
   'invalid json response body at https://grafana.monocle.infor.com/api/datasources/proxy/293/query?db=telegraf&q=SELECT%20%22tenantId%22%20AS%20%22Tenant%22%2C%20%22name%22%20AS%20%22Tenant%20Name%22%2C%20%22packComb%22%20AS%20%22Pck.%20Comb.%22%2C%20%22tenantStatus%22%20AS%20%22Tenant%20Status%22%2C%20%22operationalState%22%20AS%20%22Operational%20Status%22%2C%20%22processStatus%22%20AS%20%22Process%20Status%22%2C%20%22farmName%22%20AS%20%22Farm%20Name%22%20FROM%20%22eln-tenants-data%22%20WHERE%20(%22farmName%22%20%3D~%20%2F%5Eusea1prda%24%2F)%20AND%20time%20%3E%3D%20now()%20-%2012h&epoch=ms reason: Unexpected end of JSON input',
  type: 'invalid-json' }
{ FetchError: invalid json response body at https://grafana.monocle.infor.com/api/datasources/proxy/293/query?db=telegraf&q=SELECT%20%22tenantId%22%20AS%20%22Tenant%22%2C%20%22name%22%20AS%20%22Tenant%20Name%22%2C%20%22packComb%22%20AS%20%22Pck.%20Comb.%22%2C%20%22tenantStatus%22%20AS%20%22Tenant%20Status%22%2C%20%22operationalState%22%20AS%20%22Operational%20Status%22%2C%20%22processStatus%22%20AS%20%22Process%20Status%22%2C%20%22farmName%22%20AS%20%22Farm%20Name%22%20FROM%20%22eln-tenants-data%22%20WHERE%20(%22farmName%22%20%3D~%20%2F%5Eeuce1prda%24%2F)%20AND%20time%20%3E%3D%20now()%20-%2012h&epoch=ms reason: Unexpected end of JSON input
    at C:\apps\updatetenantversion\node_modules\node-fetch\lib\index.js:254:32
    at process._tickCallback (internal/process/next_tick.js:68:7)
  message:
   'invalid json response body at https://grafana.monocle.infor.com/api/datasources/proxy/293/query?db=telegraf&q=SELECT%20%22tenantId%22%20AS%20%22Tenant%22%2C%20%22name%22%20AS%20%22Tenant%20Name%22%2C%20%22packComb%22%20AS%20%22Pck.%20Comb.%22%2C%20%22tenantStatus%22%20AS%20%22Tenant%20Status%22%2C%20%22operationalState%22%20AS%20%22Operational%20Status%22%2C%20%22processStatus%22%20AS%20%22Process%20Status%22%2C%20%22farmName%22%20AS%20%22Farm%20Name%22%20FROM%20%22eln-tenants-data%22%20WHERE%20(%22farmName%22%20%3D~%20%2F%5Eeuce1prda%24%2F)%20AND%20time%20%3E%3D%20now()%20-%2012h&epoch=ms reason: Unexpected end of JSON input',
  type: 'invalid-json' }
{ FetchError: invalid json response body at https://grafana.monocle.infor.com/api/datasources/proxy/293/query?db=telegraf&q=SELECT%20%22tenantId%22%20AS%20%22Tenant%22%2C%20%22name%22%20AS%20%22Tenant%20Name%22%2C%20%22packComb%22%20AS%20%22Pck.%20Comb.%22%2C%20%22tenantStatus%22%20AS%20%22Tenant%20Status%22%2C%20%22operationalState%22%20AS%20%22Operational%20Status%22%2C%20%22processStatus%22%20AS%20%22Process%20Status%22%2C%20%22farmName%22%20AS%20%22Farm%20Name%22%20FROM%20%22eln-tenants-data%22%20WHERE%20(%22farmName%22%20%3D~%20%2F%5Eapse2prda%24%2F)%20AND%20time%20%3E%3D%20now()%20-%2012h&epoch=ms reason: Unexpected end of JSON input
    at C:\apps\updatetenantversion\node_modules\node-fetch\lib\index.js:254:32
    at process._tickCallback (internal/process/next_tick.js:68:7)
  message:
   'invalid json response body at https://grafana.monocle.infor.com/api/datasources/proxy/293/query?db=telegraf&q=SELECT%20%22tenantId%22%20AS%20%22Tenant%22%2C%20%22name%22%20AS%20%22Tenant%20Name%22%2C%20%22packComb%22%20AS%20%22Pck.%20Comb.%22%2C%20%22tenantStatus%22%20AS%20%22Tenant%20Status%22%2C%20%22operationalState%22%20AS%20%22Operational%20Status%22%2C%20%22processStatus%22%20AS%20%22Process%20Status%22%2C%20%22farmName%22%20AS%20%22Farm%20Name%22%20FROM%20%22eln-tenants-data%22%20WHERE%20(%22farmName%22%20%3D~%20%2F%5Eapse2prda%24%2F)%20AND%20time%20%3E%3D%20now()%20-%2012h&epoch=ms reason: Unexpected end of JSON input',
  type: 'invalid-json' }

C:\apps\updatetenantversion>node index.js 
{ FetchError: invalid json response body at https://grafana.monocle.infor.com/api/datasources/proxy/293/query?db=telegraf&q=SELECT%20%22tenantId%22%20AS%20%22Tenant%22%2C%20%22name%22%20AS%20%22Tenant%20Name%22%2C%20%22packComb%22%20AS%20%22Pck.%20Comb.%22%2C%20%22tenantStatus%22%20AS%20%22Tenant%20Status%22%2C%20%22operationalState%22%20AS%20%22Operational%20Status%22%2C%20%22processStatus%22%20AS%20%22Process%20Status%22%2C%20%22farmName%22%20AS%20%22Farm%20Name%22%20FROM%20%22eln-tenants-data%22%20WHERE%20(%22farmName%22%20%3D~%20%2F%5Eusea1prda%24%2F)%20AND%20time%20%3E%3D%20now()%20-%2012h&epoch=ms reason: Unexpected token < in JSON at position 0
    at C:\apps\updatetenantversion\node_modules\node-fetch\lib\index.js:254:32
    at process._tickCallback (internal/process/next_tick.js:68:7)
  message:
   'invalid json response body at https://grafana.monocle.infor.com/api/datasources/proxy/293/query?db=telegraf&q=SELECT%20%22tenantId%22%20AS%20%22Tenant%22%2C%20%22name%22%20AS%20%22Tenant%20Name%22%2C%20%22packComb%22%20AS%20%22Pck.%20Comb.%22%2C%20%22tenantStatus%22%20AS%20%22Tenant%20Status%22%2C%20%22operationalState%22%20AS%20%22Operational%20Status%22%2C%20%22processStatus%22%20AS%20%22Process%20Status%22%2C%20%22farmName%22%20AS%20%22Farm%20Name%22%20FROM%20%22eln-tenants-data%22%20WHERE%20(%22farmName%22%20%3D~%20%2F%5Eusea1prda%24%2F)%20AND%20time%20%3E%3D%20now()%20-%2012h&epoch=ms reason: Unexpected token < in JSON at position 0',
  type: 'invalid-json' }
{ FetchError: invalid json response body at https://grafana.monocle.infor.com/api/datasources/proxy/293/query?db=telegraf&q=SELECT%20%22tenantId%22%20AS%20%22Tenant%22%2C%20%22name%22%20AS%20%22Tenant%20Name%22%2C%20%22packComb%22%20AS%20%22Pck.%20Comb.%22%2C%20%22tenantStatus%22%20AS%20%22Tenant%20Status%22%2C%20%22operationalState%22%20AS%20%22Operational%20Status%22%2C%20%22processStatus%22%20AS%20%22Process%20Status%22%2C%20%22farmName%22%20AS%20%22Farm%20Name%22%20FROM%20%22eln-tenants-data%22%20WHERE%20(%22farmName%22%20%3D~%20%2F%5Eeuce1prda%24%2F)%20AND%20time%20%3E%3D%20now()%20-%2012h&epoch=ms reason: Unexpected token < in JSON at position 0
    at C:\apps\updatetenantversion\node_modules\node-fetch\lib\index.js:254:32
    at process._tickCallback (internal/process/next_tick.js:68:7)
  message:
   'invalid json response body at https://grafana.monocle.infor.com/api/datasources/proxy/293/query?db=telegraf&q=SELECT%20%22tenantId%22%20AS%20%22Tenant%22%2C%20%22name%22%20AS%20%22Tenant%20Name%22%2C%20%22packComb%22%20AS%20%22Pck.%20Comb.%22%2C%20%22tenantStatus%22%20AS%20%22Tenant%20Status%22%2C%20%22operationalState%22%20AS%20%22Operational%20Status%22%2C%20%22processStatus%22%20AS%20%22Process%20Status%22%2C%20%22farmName%22%20AS%20%22Farm%20Name%22%20FROM%20%22eln-tenants-data%22%20WHERE%20(%22farmName%22%20%3D~%20%2F%5Eeuce1prda%24%2F)%20AND%20time%20%3E%3D%20now()%20-%2012h&epoch=ms reason: Unexpected token < in JSON at position 0',
  type: 'invalid-json' }
{ FetchError: invalid json response body at https://grafana.monocle.infor.com/api/datasources/proxy/293/query?db=telegraf&q=SELECT%20%22tenantId%22%20AS%20%22Tenant%22%2C%20%22name%22%20AS%20%22Tenant%20Name%22%2C%20%22packComb%22%20AS%20%22Pck.%20Comb.%22%2C%20%22tenantStatus%22%20AS%20%22Tenant%20Status%22%2C%20%22operationalState%22%20AS%20%22Operational%20Status%22%2C%20%22processStatus%22%20AS%20%22Process%20Status%22%2C%20%22farmName%22%20AS%20%22Farm%20Name%22%20FROM%20%22eln-tenants-data%22%20WHERE%20(%22farmName%22%20%3D~%20%2F%5Eapse2prda%24%2F)%20AND%20time%20%3E%3D%20now()%20-%2012h&epoch=ms reason: Unexpected token < in JSON at position 0
    at C:\apps\updatetenantversion\node_modules\node-fetch\lib\index.js:254:32
    at process._tickCallback (internal/process/next_tick.js:68:7)
  message:
   'invalid json response body at https://grafana.monocle.infor.com/api/datasources/proxy/293/query?db=telegraf&q=SELECT%20%22tenantId%22%20AS%20%22Tenant%22%2C%20%22name%22%20AS%20%22Tenant%20Name%22%2C%20%22packComb%22%20AS%20%22Pck.%20Comb.%22%2C%20%22tenantStatus%22%20AS%20%22Tenant%20Status%22%2C%20%22operationalState%22%20AS%20%22Operational%20Status%22%2C%20%22processStatus%22%20AS%20%22Process%20Status%22%2C%20%22farmName%22%20AS%20%22Farm%20Name%22%20FROM%20%22eln-tenants-data%22%20WHERE%20(%22farmName%22%20%3D~%20%2F%5Eapse2prda%24%2F)%20AND%20time%20%3E%3D%20now()%20-%2012h&epoch=ms reason: Unexpected token < in JSON at position 0',
  type: 'invalid-json' }

C:\apps\updatetenantversion>node index.js 
usea1prda 2019-11-22T03:51:31.660Z
euce1prda 2019-11-22T03:51:31.660Z
apse2prda 2019-11-22T03:51:31.667Z

C:\apps\updatetenantversion>node index.js 
Changed ARCA_PRD 'ce01024' ce01024 'ce01024'
Changed FSLC_DEM 'ce01025' ce01025 'ce01025'
Changed OBERG_TRN 'ce01025' ce01025 'ce01025'
apse2prda 2019-11-22T04:51:31.716Z
euce1prda 2019-11-22T04:51:31.716Z
usea1prda 2019-11-22T04:51:31.716Z

C:\apps\updatetenantversion>node index.js 
usea1prda 2019-11-22T05:51:31.732Z
apse2prda 2019-11-22T05:51:31.732Z
euce1prda 2019-11-22T05:51:31.732Z

C:\apps\updatetenantversion>node index.js 
euce1prda 2019-11-22T06:51:31.529Z
usea1prda 2019-11-22T06:51:31.573Z
apse2prda 2019-11-22T06:51:31.573Z

C:\apps\updatetenantversion>node index.js 
apse2prda 2019-11-22T07:51:32.542Z
euce1prda 2019-11-22T07:51:32.542Z
usea1prda 2019-11-22T07:51:32.542Z

C:\apps\updatetenantversion>node index.js 
euce1prda 2019-11-22T08:51:32.442Z
apse2prda 2019-11-22T08:51:32.442Z
usea1prda 2019-11-22T08:51:32.641Z

C:\apps\updatetenantversion>node index.js 
euce1prda 2019-11-22T09:51:32.352Z
apse2prda 2019-11-22T09:51:32.427Z
usea1prda 2019-11-22T09:51:32.437Z

C:\apps\updatetenantversion>node index.js 
Changed ALKHALDI_TRN 'ce01024' ce01024 'ce01024'
apse2prda 2019-11-22T10:51:32.471Z
usea1prda 2019-11-22T10:51:32.493Z
euce1prda 2019-11-22T10:51:32.493Z

C:\apps\updatetenantversion>node index.js 
euce1prda 2019-11-22T11:51:32.316Z
usea1prda 2019-11-22T11:51:32.316Z
apse2prda 2019-11-22T11:51:32.356Z

C:\apps\updatetenantversion>node index.js 
apse2prda 2019-11-22T12:51:32.414Z
euce1prda 2019-11-22T12:51:32.414Z
usea1prda 2019-11-22T12:51:32.450Z

C:\apps\updatetenantversion>node index.js 
apse2prda 2019-11-22T13:51:32.272Z
usea1prda 2019-11-22T13:51:32.272Z
euce1prda 2019-11-22T13:51:32.272Z

C:\apps\updatetenantversion>node index.js 
apse2prda 2019-11-22T14:51:32.430Z
euce1prda 2019-11-22T14:51:32.533Z
usea1prda 2019-11-22T14:51:32.533Z

C:\apps\updatetenantversion>node index.js 
usea1prda 2019-11-22T15:51:32.273Z
apse2prda 2019-11-22T15:51:32.273Z
euce1prda 2019-11-22T15:51:32.273Z

C:\apps\updatetenantversion>node index.js 
apse2prda 2019-11-22T15:52:46.887Z
euce1prda 2019-11-22T15:52:46.887Z
usea1prda 2019-11-22T15:52:46.887Z

C:\apps\updatetenantversion>node index.js 
Changed FSLC_TRN 'ce01023' ce01023 'ce01023'
usea1prda 2019-11-22T16:51:32.518Z
euce1prda 2019-11-22T16:51:32.518Z
apse2prda 2019-11-22T16:51:32.518Z

C:\apps\updatetenantversion>node index.js 
usea1prda 2019-11-22T17:51:32.924Z
euce1prda 2019-11-22T17:51:32.924Z
apse2prda 2019-11-22T17:51:33.529Z

C:\apps\updatetenantversion>node index.js 
apse2prda 2019-11-22T18:51:32.271Z
euce1prda 2019-11-22T18:51:32.271Z
usea1prda 2019-11-22T18:51:32.271Z

C:\apps\updatetenantversion>node index.js 
apse2prda 2019-11-22T19:51:33.254Z
usea1prda 2019-11-22T19:51:33.254Z
euce1prda 2019-11-22T19:51:33.268Z

C:\apps\updatetenantversion>node index.js 
apse2prda 2019-11-22T20:51:31.622Z
euce1prda 2019-11-22T20:51:31.622Z
usea1prda 2019-11-22T20:51:31.622Z

C:\apps\updatetenantversion>node index.js 
euce1prda 2019-11-22T21:51:33.518Z
usea1prda 2019-11-22T21:51:33.542Z
apse2prda 2019-11-22T21:51:33.542Z

C:\apps\updatetenantversion>node index.js 
usea1prda 2019-11-22T22:51:31.644Z
euce1prda 2019-11-22T22:51:31.644Z
apse2prda 2019-11-22T22:51:31.892Z

C:\apps\updatetenantversion>node index.js 
apse2prda 2019-11-22T23:51:31.840Z
euce1prda 2019-11-22T23:51:31.840Z
usea1prda 2019-11-22T23:51:31.840Z

C:\apps\updatetenantversion>node index.js 
euce1prda 2019-11-22T23:52:25.094Z
apse2prda 2019-11-22T23:52:25.094Z
usea1prda 2019-11-22T23:52:27.164Z

C:\apps\updatetenantversion>node index.js 
euce1prda 2019-11-23T00:51:31.904Z
apse2prda 2019-11-23T00:51:31.904Z
usea1prda 2019-11-23T00:51:34.545Z

C:\apps\updatetenantversion>node index.js 
euce1prda 2019-11-23T01:51:32.078Z
apse2prda 2019-11-23T01:51:32.111Z
usea1prda 2019-11-23T01:51:32.111Z

C:\apps\updatetenantversion>node index.js 
usea1prda 2019-11-23T02:51:31.625Z
euce1prda 2019-11-23T02:51:31.679Z
apse2prda 2019-11-23T02:51:31.679Z

C:\apps\updatetenantversion>node index.js 
usea1prda 2019-11-23T03:51:31.890Z
apse2prda 2019-11-23T03:51:31.924Z
euce1prda 2019-11-23T03:51:31.924Z

C:\apps\updatetenantversion>node index.js 
Changed APTIM_PRD 'ce01025' ce01025 'ce01025'
Changed FSLC_TRN 'ce01025' ce01025 'ce01025'
Changed OBERG_PRD 'ce01025' ce01025 'ce01025'
apse2prda 2019-11-23T04:51:31.721Z
euce1prda 2019-11-23T04:51:31.721Z
usea1prda 2019-11-23T04:51:31.721Z

C:\apps\updatetenantversion>node index.js 
usea1prda 2019-11-23T05:51:31.715Z
apse2prda 2019-11-23T05:51:34.717Z
euce1prda 2019-11-23T05:51:34.734Z

C:\apps\updatetenantversion>node index.js 
apse2prda 2019-11-23T06:51:31.547Z
usea1prda 2019-11-23T06:51:31.572Z
euce1prda 2019-11-23T06:51:31.572Z

C:\apps\updatetenantversion>node index.js 
usea1prda 2019-11-23T07:51:32.719Z
apse2prda 2019-11-23T07:51:32.747Z
euce1prda 2019-11-23T07:51:32.747Z

C:\apps\updatetenantversion>node index.js 
apse2prda 2019-11-23T08:51:32.261Z
euce1prda 2019-11-23T08:51:32.261Z
usea1prda 2019-11-23T08:51:32.261Z

C:\apps\updatetenantversion>node index.js 
euce1prda 2019-11-23T09:51:32.146Z
usea1prda 2019-11-23T09:51:32.166Z
apse2prda 2019-11-23T09:51:35.106Z

C:\apps\updatetenantversion>node index.js 
usea1prda 2019-11-23T10:51:32.382Z
euce1prda 2019-11-23T10:51:32.403Z
apse2prda 2019-11-23T10:51:32.403Z

C:\apps\updatetenantversion>node index.js 
usea1prda 2019-11-23T11:51:32.245Z
apse2prda 2019-11-23T11:51:32.245Z
euce1prda 2019-11-23T11:51:32.314Z

C:\apps\updatetenantversion>node index.js 
apse2prda 2019-11-23T12:51:32.503Z
euce1prda 2019-11-23T12:51:32.503Z
usea1prda 2019-11-23T12:51:32.511Z

C:\apps\updatetenantversion>node index.js 
euce1prda 2019-11-23T13:51:32.341Z
usea1prda 2019-11-23T13:51:32.341Z
apse2prda 2019-11-23T13:51:32.341Z

C:\apps\updatetenantversion>node index.js 
Changed AIRWORK_PRD 'ce01025' ce01025 'ce01025'
usea1prda 2019-11-23T14:51:32.372Z
apse2prda 2019-11-23T14:51:32.416Z
euce1prda 2019-11-23T14:51:32.416Z

C:\apps\updatetenantversion>node index.js 
euce1prda 2019-11-23T15:51:32.238Z
usea1prda 2019-11-23T15:51:32.238Z
apse2prda 2019-11-23T15:51:32.256Z

C:\apps\updatetenantversion>node index.js 
usea1prda 2019-11-23T15:52:46.746Z
euce1prda 2019-11-23T15:52:46.789Z
apse2prda 2019-11-23T15:52:46.789Z

C:\apps\updatetenantversion>node index.js 
Changed APTIM_TRN 'ce01025' ce01025 'ce01025'
apse2prda 2019-11-23T16:51:32.629Z
usea1prda 2019-11-23T16:51:32.629Z
euce1prda 2019-11-23T16:51:32.629Z

C:\apps\updatetenantversion>node index.js 
apse2prda 2019-11-23T17:51:32.583Z
usea1prda 2019-11-23T17:51:32.599Z
euce1prda 2019-11-23T17:51:32.619Z

C:\apps\updatetenantversion>node index.js 
usea1prda 2019-11-23T18:51:32.488Z
euce1prda 2019-11-23T18:51:32.494Z
apse2prda 2019-11-23T18:51:32.494Z

C:\apps\updatetenantversion>node index.js 
usea1prda 2019-11-23T19:51:32.562Z
apse2prda 2019-11-23T19:51:32.562Z
euce1prda 2019-11-23T19:51:32.562Z

C:\apps\updatetenantversion>node index.js 
apse2prda 2019-11-23T20:51:31.527Z
euce1prda 2019-11-23T20:51:31.542Z
usea1prda 2019-11-23T20:51:31.542Z

C:\apps\updatetenantversion>node index.js 
usea1prda 2019-11-23T21:51:32.632Z
euce1prda 2019-11-23T21:51:32.632Z
apse2prda 2019-11-23T21:51:32.632Z

C:\apps\updatetenantversion>node index.js 
apse2prda 2019-11-23T22:51:31.564Z
usea1prda 2019-11-23T22:51:31.564Z

C:\apps\updatetenantversion>node index.js 
usea1prda 2019-11-23T23:51:31.704Z
apse2prda 2019-11-23T23:51:31.937Z

C:\apps\updatetenantversion>node index.js 
apse2prda 2019-11-23T23:52:25.202Z
usea1prda 2019-11-23T23:52:25.202Z

C:\apps\updatetenantversion>node index.js 
usea1prda 2019-11-24T00:51:31.911Z
apse2prda 2019-11-24T00:51:31.957Z

C:\apps\updatetenantversion>node index.js 
apse2prda 2019-11-24T01:51:31.935Z
usea1prda 2019-11-24T01:51:31.935Z

C:\apps\updatetenantversion>node index.js 
apse2prda 2019-11-24T02:51:31.577Z
usea1prda 2019-11-24T02:51:31.577Z

C:\apps\updatetenantversion>node index.js 
usea1prda 2019-11-24T03:51:34.609Z
apse2prda 2019-11-24T03:51:34.609Z

C:\apps\updatetenantversion>node index.js 
usea1prda 2019-11-24T04:51:31.730Z
apse2prda 2019-11-24T04:51:31.730Z

C:\apps\updatetenantversion>node index.js 
apse2prda 2019-11-24T05:51:31.267Z
usea1prda 2019-11-24T05:51:31.294Z

C:\apps\updatetenantversion>node index.js 
usea1prda 2019-11-24T06:51:31.763Z
apse2prda 2019-11-24T06:51:31.763Z

C:\apps\updatetenantversion>node index.js 
apse2prda 2019-11-24T07:51:31.935Z
usea1prda 2019-11-24T07:51:31.969Z

C:\apps\updatetenantversion>node index.js 
usea1prda 2019-11-24T08:51:32.509Z
apse2prda 2019-11-24T08:51:32.509Z

C:\apps\updatetenantversion>node index.js 
usea1prda 2019-11-24T09:51:31.674Z
apse2prda 2019-11-24T09:51:31.709Z

C:\apps\updatetenantversion>node index.js 
apse2prda 2019-11-24T10:51:31.875Z
usea1prda 2019-11-24T10:51:31.875Z
euce1prda 2019-11-24T10:51:31.875Z

C:\apps\updatetenantversion>node index.js 
euce1prda 2019-11-24T11:51:31.664Z
apse2prda 2019-11-24T11:51:31.664Z
usea1prda 2019-11-24T11:51:31.706Z

C:\apps\updatetenantversion>node index.js 
apse2prda 2019-11-24T12:51:31.923Z
usea1prda 2019-11-24T12:51:31.923Z
euce1prda 2019-11-24T12:51:31.923Z

C:\apps\updatetenantversion>node index.js 
apse2prda 2019-11-24T13:51:31.817Z
euce1prda 2019-11-24T13:51:31.817Z
usea1prda 2019-11-24T13:51:31.832Z

C:\apps\updatetenantversion>node index.js 
usea1prda 2019-11-24T14:51:31.920Z
euce1prda 2019-11-24T14:51:31.935Z
apse2prda 2019-11-24T14:51:31.935Z

C:\apps\updatetenantversion>node index.js 
euce1prda 2019-11-24T15:51:31.698Z
apse2prda 2019-11-24T15:51:31.721Z
usea1prda 2019-11-24T15:51:31.721Z

C:\apps\updatetenantversion>node index.js 
usea1prda 2019-11-24T15:52:46.350Z
apse2prda 2019-11-24T15:52:46.350Z
euce1prda 2019-11-24T15:52:46.360Z

C:\apps\updatetenantversion>node index.js 
usea1prda 2019-11-24T16:51:32.007Z
euce1prda 2019-11-24T16:51:32.007Z
apse2prda 2019-11-24T16:51:32.007Z

C:\apps\updatetenantversion>node index.js 
euce1prda 2019-11-24T17:51:32.098Z
apse2prda 2019-11-24T17:51:32.139Z
usea1prda 2019-11-24T17:51:32.139Z

C:\apps\updatetenantversion>node index.js 
euce1prda 2019-11-24T18:51:31.943Z
apse2prda 2019-11-24T18:51:31.943Z
usea1prda 2019-11-24T18:51:31.943Z

C:\apps\updatetenantversion>node index.js 
usea1prda 2019-11-24T19:51:33.013Z
euce1prda 2019-11-24T19:51:33.013Z
apse2prda 2019-11-24T19:51:33.013Z

C:\apps\updatetenantversion>node index.js 
apse2prda 2019-11-24T20:51:31.766Z
usea1prda 2019-11-24T20:51:31.766Z
euce1prda 2019-11-24T20:51:31.766Z

C:\apps\updatetenantversion>node index.js 
usea1prda 2019-11-24T21:51:32.744Z
apse2prda 2019-11-24T21:51:32.749Z
euce1prda 2019-11-24T21:51:32.749Z

C:\apps\updatetenantversion>node index.js 
euce1prda 2019-11-24T22:51:31.612Z
usea1prda 2019-11-24T22:51:31.612Z
apse2prda 2019-11-24T22:51:31.684Z

C:\apps\updatetenantversion>node index.js 
apse2prda 2019-11-24T23:51:31.863Z
usea1prda 2019-11-24T23:51:31.881Z
euce1prda 2019-11-24T23:51:31.881Z

C:\apps\updatetenantversion>node index.js 
euce1prda 2019-11-24T23:52:25.889Z
apse2prda 2019-11-24T23:52:25.889Z
usea1prda 2019-11-24T23:52:25.935Z

C:\apps\updatetenantversion>node index.js 
euce1prda 2019-11-25T00:51:32.004Z
apse2prda 2019-11-25T00:51:32.004Z
usea1prda 2019-11-25T00:51:32.004Z

C:\apps\updatetenantversion>node index.js 
apse2prda 2019-11-25T01:51:31.754Z
euce1prda 2019-11-25T01:51:31.754Z
usea1prda 2019-11-25T01:51:31.754Z

C:\apps\updatetenantversion>node index.js 
usea1prda 2019-11-25T02:51:31.614Z
euce1prda 2019-11-25T02:51:31.614Z
apse2prda 2019-11-25T02:51:31.622Z

C:\apps\updatetenantversion>node index.js 
euce1prda 2019-11-25T03:51:31.759Z
usea1prda 2019-11-25T03:51:31.795Z
apse2prda 2019-11-25T03:51:31.795Z

C:\apps\updatetenantversion>node index.js 
apse2prda 2019-11-25T04:51:31.752Z
usea1prda 2019-11-25T04:51:31.752Z
euce1prda 2019-11-25T04:51:31.752Z

C:\apps\updatetenantversion>node index.js 
usea1prda 2019-11-25T05:51:32.085Z
apse2prda 2019-11-25T05:51:32.085Z
euce1prda 2019-11-25T05:51:32.085Z

C:\apps\updatetenantversion>node index.js 
usea1prda 2019-11-25T06:51:31.535Z
apse2prda 2019-11-25T06:51:31.535Z
euce1prda 2019-11-25T06:51:31.548Z

C:\apps\updatetenantversion>node index.js 
apse2prda 2019-11-25T07:51:32.414Z
euce1prda 2019-11-25T07:51:32.414Z
usea1prda 2019-11-25T07:51:32.414Z

C:\apps\updatetenantversion>node index.js 
usea1prda 2019-11-25T08:51:33.302Z
apse2prda 2019-11-25T08:51:33.318Z
euce1prda 2019-11-25T08:51:33.318Z

C:\apps\updatetenantversion>node index.js 
euce1prda 2019-11-25T09:51:32.440Z
apse2prda 2019-11-25T09:51:32.440Z
usea1prda 2019-11-25T09:51:32.440Z

C:\apps\updatetenantversion>node index.js 
usea1prda 2019-11-25T10:51:32.518Z
euce1prda 2019-11-25T10:51:32.518Z
apse2prda 2019-11-25T10:51:32.664Z

C:\apps\updatetenantversion>node index.js 
usea1prda 2019-11-25T11:51:33.168Z
euce1prda 2019-11-25T11:51:33.168Z
apse2prda 2019-11-25T11:51:33.168Z

C:\apps\updatetenantversion>node index.js 
usea1prda 2019-11-25T12:51:32.394Z
euce1prda 2019-11-25T12:51:32.429Z
apse2prda 2019-11-25T12:51:32.443Z

C:\apps\updatetenantversion>node index.js 
usea1prda 2019-11-25T13:51:32.448Z
euce1prda 2019-11-25T13:51:32.450Z
apse2prda 2019-11-25T13:51:32.450Z

C:\apps\updatetenantversion>node index.js 
Changed CUBROCO_TRN 'ce01022' ce01022 'ce01022'
apse2prda 2019-11-25T14:51:32.512Z
usea1prda 2019-11-25T14:51:32.512Z
euce1prda 2019-11-25T14:51:32.512Z

C:\apps\updatetenantversion>node index.js 
euce1prda 2019-11-25T15:51:33.350Z
apse2prda 2019-11-25T15:51:33.350Z
usea1prda 2019-11-25T15:51:33.350Z

C:\apps\updatetenantversion>node index.js 
apse2prda 2019-11-25T15:52:46.970Z
usea1prda 2019-11-25T15:52:46.970Z
euce1prda 2019-11-25T15:52:46.970Z

C:\apps\updatetenantversion>node index.js 
Changed LOOPLLC_TST 'ce01025' ce01025 'ce01025'
apse2prda 2019-11-25T16:51:32.631Z
usea1prda 2019-11-25T16:51:32.631Z
euce1prda 2019-11-25T16:51:32.631Z

C:\apps\updatetenantversion>node index.js 
apse2prda 2019-11-25T17:51:32.539Z
usea1prda 2019-11-25T17:51:32.540Z
euce1prda 2019-11-25T17:51:32.540Z

C:\apps\updatetenantversion>node index.js 
usea1prda 2019-11-25T18:51:33.148Z
apse2prda 2019-11-25T18:51:33.148Z
euce1prda 2019-11-25T18:51:33.165Z

C:\apps\updatetenantversion>node index.js 
apse2prda 2019-11-25T19:51:33.415Z
euce1prda 2019-11-25T19:51:33.415Z
usea1prda 2019-11-25T19:51:33.415Z

C:\apps\updatetenantversion>node index.js 
euce1prda 2019-11-25T20:51:32.165Z
apse2prda 2019-11-25T20:51:32.165Z
usea1prda 2019-11-25T20:51:32.196Z

C:\apps\updatetenantversion>node index.js 
apse2prda 2019-11-25T21:51:33.604Z
usea1prda 2019-11-25T21:51:35.866Z
euce1prda 2019-11-25T21:51:35.878Z

C:\apps\updatetenantversion>node index.js 
Changed INFORCQAEU_TST 'ce01025' ce01025 'ce01025'
Changed WALOR_PRD 'ce01025' ce01025 'ce01025'
Changed WALOR_TRN 'ce01025' ce01025 'ce01025'
Changed WALOR_TST 'ce01025' ce01025 'ce01025'
usea1prda 2019-11-25T22:51:31.618Z
apse2prda 2019-11-25T22:51:31.643Z
euce1prda 2019-11-25T22:51:31.643Z

C:\apps\updatetenantversion>node index.js 
apse2prda 2019-11-25T23:51:31.939Z
usea1prda 2019-11-25T23:51:31.939Z
euce1prda 2019-11-25T23:51:31.939Z

C:\apps\updatetenantversion>node index.js 
usea1prda 2019-11-25T23:52:26.497Z
apse2prda 2019-11-25T23:52:26.497Z
euce1prda 2019-11-25T23:52:26.497Z

C:\apps\updatetenantversion>node index.js 
apse2prda 2019-11-26T00:51:31.715Z
usea1prda 2019-11-26T00:51:31.715Z
euce1prda 2019-11-26T00:51:31.715Z

C:\apps\updatetenantversion>node index.js 
euce1prda 2019-11-26T01:51:31.747Z
apse2prda 2019-11-26T01:51:31.747Z
usea1prda 2019-11-26T01:51:31.747Z

C:\apps\updatetenantversion>node index.js 
euce1prda 2019-11-26T02:51:31.492Z
apse2prda 2019-11-26T02:51:31.495Z
usea1prda 2019-11-26T02:51:31.736Z

C:\apps\updatetenantversion>node index.js 
usea1prda 2019-11-26T03:51:31.749Z
apse2prda 2019-11-26T03:51:31.798Z
euce1prda 2019-11-26T03:51:31.798Z

C:\apps\updatetenantversion>node index.js 
usea1prda 2019-11-26T04:51:31.760Z
euce1prda 2019-11-26T04:51:31.760Z
apse2prda 2019-11-26T04:51:31.760Z

C:\apps\updatetenantversion>node index.js 
euce1prda 2019-11-26T05:51:31.909Z
apse2prda 2019-11-26T05:51:31.909Z
usea1prda 2019-11-26T05:51:31.944Z

C:\apps\updatetenantversion>node index.js 
apse2prda 2019-11-26T06:51:31.576Z
usea1prda 2019-11-26T06:51:31.576Z
euce1prda 2019-11-26T06:51:31.576Z

C:\apps\updatetenantversion>node index.js 
usea1prda 2019-11-26T07:51:32.394Z
apse2prda 2019-11-26T07:51:32.394Z
euce1prda 2019-11-26T07:51:32.431Z

C:\apps\updatetenantversion>node index.js 
usea1prda 2019-11-26T08:51:32.531Z
euce1prda 2019-11-26T08:51:32.531Z
apse2prda 2019-11-26T08:51:32.531Z

C:\apps\updatetenantversion>node index.js 
usea1prda 2019-11-26T09:51:33.553Z
euce1prda 2019-11-26T09:51:34.566Z
apse2prda 2019-11-26T09:51:34.649Z

C:\apps\updatetenantversion>node index.js 
Not Found  COMCLD_DEM Frankfurt ce01025 'ce01025'
Changed KOMATSU_TST 'ce01025' ce01025 'ce01025'
Changed NEDSCHROEF_PRD 'ce01025' ce01025 'ce01025'
Changed SEGAUTOMOTIVE_DEV 'ce01025' ce01025 'ce01025'
Changed UKNSICO_DEV 'ce01025' ce01025 'ce01025'
euce1prda 2019-11-26T10:51:32.708Z
usea1prda 2019-11-26T10:51:34.083Z
apse2prda 2019-11-26T10:51:34.083Z

C:\apps\updatetenantversion>node index.js 
usea1prda 2019-11-26T11:51:36.530Z
euce1prda 2019-11-26T11:51:36.530Z
apse2prda 2019-11-26T11:51:36.530Z

C:\apps\updatetenantversion>node index.js 
euce1prda 2019-11-26T12:51:32.270Z
apse2prda 2019-11-26T12:51:32.270Z
usea1prda 2019-11-26T12:51:32.680Z

C:\apps\updatetenantversion>node index.js 
apse2prda 2019-11-26T13:51:32.699Z
euce1prda 2019-11-26T13:51:32.699Z
usea1prda 2019-11-26T13:51:32.699Z

C:\apps\updatetenantversion>node index.js 
Changed CUBROCO_TRN 'ce01025' ce01025 'ce01025'
Changed WATERCARE_DEV 'ce01025' ce01025 'ce01025'
usea1prda 2019-11-26T14:51:32.421Z
apse2prda 2019-11-26T14:51:32.421Z
euce1prda 2019-11-26T14:51:33.510Z

C:\apps\updatetenantversion>node index.js 
usea1prda 2019-11-26T15:51:33.985Z
apse2prda 2019-11-26T15:51:33.985Z
euce1prda 2019-11-26T15:51:33.985Z

C:\apps\updatetenantversion>node index.js 
apse2prda 2019-11-26T15:52:47.152Z
usea1prda 2019-11-26T15:52:47.152Z
euce1prda 2019-11-26T15:52:47.162Z

C:\apps\updatetenantversion>node index.js 
usea1prda 2019-11-26T16:51:32.588Z
apse2prda 2019-11-26T16:51:32.588Z
euce1prda 2019-11-26T16:51:32.588Z

C:\apps\updatetenantversion>node index.js 
apse2prda 2019-11-26T17:51:33.650Z
euce1prda 2019-11-26T17:51:33.650Z
usea1prda 2019-11-26T17:51:33.650Z

C:\apps\updatetenantversion>node index.js 
euce1prda 2019-11-26T18:51:32.153Z
apse2prda 2019-11-26T18:51:33.584Z
usea1prda 2019-11-26T18:51:33.613Z

C:\apps\updatetenantversion>node index.js 
euce1prda 2019-11-26T19:51:32.665Z
apse2prda 2019-11-26T19:51:33.038Z
usea1prda 2019-11-26T19:51:33.605Z

C:\apps\updatetenantversion>node index.js 
usea1prda 2019-11-26T20:51:31.657Z
apse2prda 2019-11-26T20:51:31.676Z
euce1prda 2019-11-26T20:51:31.676Z

C:\apps\updatetenantversion>node index.js 
apse2prda 2019-11-26T21:51:32.699Z
euce1prda 2019-11-26T21:51:32.703Z
usea1prda 2019-11-26T21:51:32.703Z

C:\apps\updatetenantversion>node index.js 
Changed NEDSCHROEF_TRN 'ce01025' ce01025 'ce01025'
usea1prda 2019-11-26T22:51:31.723Z
euce1prda 2019-11-26T22:51:31.723Z
apse2prda 2019-11-26T22:51:31.723Z

C:\apps\updatetenantversion>node index.js 
euce1prda 2019-11-26T23:51:41.208Z
usea1prda 2019-11-26T23:51:41.208Z
apse2prda 2019-11-26T23:51:41.208Z

C:\apps\updatetenantversion>node index.js 
apse2prda 2019-11-26T23:52:31.637Z
usea1prda 2019-11-26T23:52:31.637Z
euce1prda 2019-11-26T23:52:31.637Z

C:\apps\updatetenantversion>node index.js 
euce1prda 2019-11-27T00:51:40.914Z
apse2prda 2019-11-27T00:51:40.914Z
usea1prda 2019-11-27T00:51:40.914Z

C:\apps\updatetenantversion>node index.js 
euce1prda 2019-11-27T01:51:31.614Z
usea1prda 2019-11-27T01:51:31.614Z
apse2prda 2019-11-27T01:51:31.625Z

C:\apps\updatetenantversion>node index.js 
apse2prda 2019-11-27T02:51:31.697Z
usea1prda 2019-11-27T02:51:31.697Z
euce1prda 2019-11-27T02:51:31.697Z

C:\apps\updatetenantversion>node index.js 
usea1prda 2019-11-27T03:51:31.622Z
euce1prda 2019-11-27T03:51:31.622Z
apse2prda 2019-11-27T03:51:31.622Z

C:\apps\updatetenantversion>node index.js 
euce1prda 2019-11-27T04:51:31.725Z
apse2prda 2019-11-27T04:51:31.752Z
Changed TAS_PRD 'ce01025' ce01025 'ce01025'
Changed TAS_TRN 'ce01025' ce01025 'ce01025'
Changed TAS_TST 'ce01025' ce01025 'ce01025'
usea1prda 2019-11-27T04:51:33.948Z

C:\apps\updatetenantversion>node index.js 
euce1prda 2019-11-27T05:51:32.006Z
apse2prda 2019-11-27T05:51:32.006Z
usea1prda 2019-11-27T05:51:34.390Z

C:\apps\updatetenantversion>node index.js 
usea1prda 2019-11-27T06:51:32.744Z
apse2prda 2019-11-27T06:51:32.744Z
euce1prda 2019-11-27T06:51:32.744Z

C:\apps\updatetenantversion>node index.js 
apse2prda 2019-11-27T07:51:31.697Z
euce1prda 2019-11-27T07:51:31.717Z
usea1prda 2019-11-27T07:51:31.717Z

C:\apps\updatetenantversion>node index.js 
usea1prda 2019-11-27T08:51:31.975Z
euce1prda 2019-11-27T08:51:31.980Z
apse2prda 2019-11-27T08:51:31.980Z

C:\apps\updatetenantversion>node index.js 
usea1prda 2019-11-27T09:51:31.842Z
apse2prda 2019-11-27T09:51:31.842Z
euce1prda 2019-11-27T09:51:31.842Z

C:\apps\updatetenantversion>node index.js 
euce1prda 2019-11-27T10:51:31.850Z
apse2prda 2019-11-27T10:51:31.850Z
usea1prda 2019-11-27T10:51:31.850Z

C:\apps\updatetenantversion>node index.js 
apse2prda 2019-11-27T11:51:33.061Z
euce1prda 2019-11-27T11:51:33.116Z
usea1prda 2019-11-27T11:51:33.116Z

C:\apps\updatetenantversion>node index.js 
apse2prda 2019-11-27T12:51:31.689Z
usea1prda 2019-11-27T12:51:31.689Z
euce1prda 2019-11-27T12:51:31.689Z

C:\apps\updatetenantversion>node index.js 
usea1prda 2019-11-27T13:51:32.235Z
euce1prda 2019-11-27T13:51:32.256Z
apse2prda 2019-11-27T13:51:32.256Z

C:\apps\updatetenantversion>node index.js 
euce1prda 2019-11-27T14:51:32.788Z
apse2prda 2019-11-27T14:51:32.788Z
usea1prda 2019-11-27T14:51:32.788Z

C:\apps\updatetenantversion>node index.js 
usea1prda 2019-11-27T15:51:31.905Z
apse2prda 2019-11-27T15:51:31.932Z
euce1prda 2019-11-27T15:51:31.932Z

C:\apps\updatetenantversion>node index.js 
apse2prda 2019-11-27T15:52:46.321Z
euce1prda 2019-11-27T15:52:46.321Z
usea1prda 2019-11-27T15:52:46.321Z

C:\apps\updatetenantversion>node index.js 
Changed XYLEMINC_TST 'ce01025' ce01025 'ce01025'
euce1prda 2019-11-27T16:51:32.045Z
usea1prda 2019-11-27T16:51:32.049Z
apse2prda 2019-11-27T16:51:32.049Z

C:\apps\updatetenantversion>node index.js 
euce1prda 2019-11-27T17:51:32.687Z
apse2prda 2019-11-27T17:51:32.734Z
usea1prda 2019-11-27T17:51:32.734Z

C:\apps\updatetenantversion>node index.js 
euce1prda 2019-11-27T18:51:31.671Z
usea1prda 2019-11-27T18:51:31.747Z
apse2prda 2019-11-27T18:51:31.747Z

C:\apps\updatetenantversion>node index.js 
usea1prda 2019-11-27T19:51:33.172Z
apse2prda 2019-11-27T19:51:33.172Z
euce1prda 2019-11-27T19:51:33.180Z

C:\apps\updatetenantversion>node index.js 
euce1prda 2019-11-27T20:51:31.526Z
apse2prda 2019-11-27T20:51:31.526Z
usea1prda 2019-11-27T20:51:31.558Z

C:\apps\updatetenantversion>node index.js 
usea1prda 2019-11-27T21:51:32.931Z
euce1prda 2019-11-27T21:51:32.931Z
apse2prda 2019-11-27T21:51:32.931Z

C:\apps\updatetenantversion>node index.js 
apse2prda 2019-11-27T22:51:31.596Z
euce1prda 2019-11-27T22:51:31.596Z
usea1prda 2019-11-27T22:51:31.596Z

C:\apps\updatetenantversion>node index.js 
euce1prda 2019-11-27T23:51:32.381Z
usea1prda 2019-11-27T23:51:32.381Z
apse2prda 2019-11-27T23:51:32.424Z

C:\apps\updatetenantversion>node index.js 
usea1prda 2019-11-27T23:52:25.607Z
apse2prda 2019-11-27T23:52:25.619Z
euce1prda 2019-11-27T23:52:25.619Z

C:\apps\updatetenantversion>node index.js 
euce1prda 2019-11-28T00:51:31.950Z
usea1prda 2019-11-28T00:51:31.950Z
apse2prda 2019-11-28T00:51:31.950Z

C:\apps\updatetenantversion>node index.js 
usea1prda 2019-11-28T01:51:31.813Z
euce1prda 2019-11-28T01:51:31.813Z
apse2prda 2019-11-28T01:51:31.813Z

C:\apps\updatetenantversion>node index.js 
Changed WATERCARE_TST 'ce01025' ce01025 'ce01025'
euce1prda 2019-11-28T02:51:31.698Z
apse2prda 2019-11-28T02:51:31.705Z
usea1prda 2019-11-28T02:51:31.705Z

C:\apps\updatetenantversion>node index.js 
usea1prda 2019-11-28T03:51:31.804Z
apse2prda 2019-11-28T03:51:31.804Z
euce1prda 2019-11-28T03:51:31.804Z

C:\apps\updatetenantversion>node index.js 
apse2prda 2019-11-28T04:51:31.701Z
usea1prda 2019-11-28T04:51:31.731Z
euce1prda 2019-11-28T04:51:31.731Z

C:\apps\updatetenantversion>node index.js 
euce1prda 2019-11-28T05:51:32.092Z
apse2prda 2019-11-28T05:51:32.092Z
usea1prda 2019-11-28T05:51:32.092Z

C:\apps\updatetenantversion>node index.js 
apse2prda 2019-11-28T06:51:31.568Z
euce1prda 2019-11-28T06:51:31.598Z
usea1prda 2019-11-28T06:51:31.598Z

C:\apps\updatetenantversion>node index.js 
euce1prda 2019-11-28T07:51:36.397Z
apse2prda 2019-11-28T07:51:36.397Z
usea1prda 2019-11-28T07:51:36.397Z

C:\apps\updatetenantversion>node index.js 
euce1prda 2019-11-28T08:51:32.116Z
apse2prda 2019-11-28T08:51:32.116Z
usea1prda 2019-11-28T08:51:32.116Z

C:\apps\updatetenantversion>node index.js 
apse2prda 2019-11-28T09:51:31.940Z
euce1prda 2019-11-28T09:51:31.976Z
usea1prda 2019-11-28T09:51:31.976Z

C:\apps\updatetenantversion>node index.js 
usea1prda 2019-11-28T10:51:33.293Z
euce1prda 2019-11-28T10:51:33.293Z
apse2prda 2019-11-28T10:51:33.293Z

C:\apps\updatetenantversion>node index.js 
euce1prda 2019-11-28T11:51:32.661Z
apse2prda 2019-11-28T11:51:32.734Z
usea1prda 2019-11-28T11:51:32.772Z

C:\apps\updatetenantversion>node index.js 
apse2prda 2019-11-28T12:51:31.973Z
usea1prda 2019-11-28T12:51:31.973Z
euce1prda 2019-11-28T12:51:31.973Z

C:\apps\updatetenantversion>node index.js 
euce1prda 2019-11-28T13:51:31.771Z
apse2prda 2019-11-28T13:51:31.771Z
usea1prda 2019-11-28T13:51:31.817Z

C:\apps\updatetenantversion>node index.js 
apse2prda 2019-11-28T14:51:32.143Z
usea1prda 2019-11-28T14:51:32.143Z
euce1prda 2019-11-28T14:51:32.143Z

C:\apps\updatetenantversion>node index.js 
usea1prda 2019-11-28T15:51:31.776Z
euce1prda 2019-11-28T15:51:31.776Z
apse2prda 2019-11-28T15:51:31.827Z

C:\apps\updatetenantversion>node index.js 
apse2prda 2019-11-28T15:52:46.359Z
usea1prda 2019-11-28T15:52:46.373Z
euce1prda 2019-11-28T15:52:48.213Z

C:\apps\updatetenantversion>node index.js 
usea1prda 2019-11-28T16:51:31.842Z
apse2prda 2019-11-28T16:51:31.842Z
euce1prda 2019-11-28T16:51:31.842Z

C:\apps\updatetenantversion>node index.js 
apse2prda 2019-11-28T17:51:32.765Z
euce1prda 2019-11-28T17:51:32.769Z
usea1prda 2019-11-28T17:51:32.769Z

C:\apps\updatetenantversion>node index.js 
usea1prda 2019-11-28T18:51:31.858Z
apse2prda 2019-11-28T18:51:31.874Z
euce1prda 2019-11-28T18:51:32.583Z

C:\apps\updatetenantversion>node index.js 
usea1prda 2019-11-28T19:51:32.991Z
apse2prda 2019-11-28T19:51:32.991Z
euce1prda 2019-11-28T19:51:32.991Z

C:\apps\updatetenantversion>node index.js 
apse2prda 2019-11-28T20:51:31.848Z
euce1prda 2019-11-28T20:51:31.852Z
usea1prda 2019-11-28T20:51:31.852Z

C:\apps\updatetenantversion>node index.js 
apse2prda 2019-11-28T21:51:33.027Z
usea1prda 2019-11-28T21:51:33.027Z
euce1prda 2019-11-28T21:51:33.027Z

C:\apps\updatetenantversion>node index.js 
apse2prda 2019-11-28T22:51:31.604Z
euce1prda 2019-11-28T22:51:31.604Z
usea1prda 2019-11-28T22:51:31.604Z

C:\apps\updatetenantversion>node index.js 
apse2prda 2019-11-28T23:51:32.342Z
usea1prda 2019-11-28T23:51:32.342Z
euce1prda 2019-11-28T23:51:32.364Z

C:\apps\updatetenantversion>node index.js 
usea1prda 2019-11-28T23:52:25.683Z
euce1prda 2019-11-28T23:52:26.626Z
apse2prda 2019-11-28T23:52:26.653Z

C:\apps\updatetenantversion>node index.js 
euce1prda 2019-11-29T00:51:31.720Z
apse2prda 2019-11-29T00:51:31.720Z
usea1prda 2019-11-29T00:51:31.720Z

C:\apps\updatetenantversion>node index.js 
euce1prda 2019-11-29T01:51:32.137Z
apse2prda 2019-11-29T01:51:32.157Z
usea1prda 2019-11-29T01:51:32.157Z

C:\apps\updatetenantversion>node index.js 
apse2prda 2019-11-29T02:51:31.612Z
usea1prda 2019-11-29T02:51:31.612Z
euce1prda 2019-11-29T02:51:35.199Z

C:\apps\updatetenantversion>node index.js 
usea1prda 2019-11-29T03:51:31.729Z
apse2prda 2019-11-29T03:51:31.729Z
euce1prda 2019-11-29T03:51:31.729Z

C:\apps\updatetenantversion>node index.js 
apse2prda 2019-11-29T04:51:31.782Z
usea1prda 2019-11-29T04:51:31.782Z
euce1prda 2019-11-29T04:51:31.782Z

C:\apps\updatetenantversion>node index.js 
apse2prda 2019-11-29T05:51:31.733Z
usea1prda 2019-11-29T05:51:31.767Z
euce1prda 2019-11-29T05:51:31.767Z

C:\apps\updatetenantversion>node index.js 
usea1prda 2019-11-29T06:51:32.705Z
apse2prda 2019-11-29T06:51:32.705Z
euce1prda 2019-11-29T06:51:32.751Z

C:\apps\updatetenantversion>node index.js 
apse2prda 2019-11-29T07:51:31.915Z
euce1prda 2019-11-29T07:51:32.629Z
usea1prda 2019-11-29T07:51:33.075Z

C:\apps\updatetenantversion>node index.js 
euce1prda 2019-11-29T08:51:31.863Z
usea1prda 2019-11-29T08:51:31.863Z
apse2prda 2019-11-29T08:51:31.918Z

C:\apps\updatetenantversion>node index.js 
apse2prda 2019-11-29T09:51:31.970Z
euce1prda 2019-11-29T09:51:31.970Z
usea1prda 2019-11-29T09:51:31.982Z

C:\apps\updatetenantversion>node index.js 

C:\apps\updatetenantversion>node index.js 
Changed EDUGDENA009_AX1 'ce01025' ce01025 'ce01025'
euce1prda 2019-11-29T11:51:31.863Z
apse2prda 2019-11-29T11:51:31.863Z
usea1prda 2019-11-29T11:51:32.240Z

C:\apps\updatetenantversion>node index.js 
usea1prda 2019-11-29T12:51:32.334Z
apse2prda 2019-11-29T12:51:32.334Z
euce1prda 2019-11-29T12:51:32.334Z

C:\apps\updatetenantversion>node index.js 
apse2prda 2019-11-29T13:51:31.967Z
euce1prda 2019-11-29T13:51:31.967Z
usea1prda 2019-11-29T13:51:31.967Z

C:\apps\updatetenantversion>node index.js 
apse2prda 2019-11-29T14:51:32.119Z
usea1prda 2019-11-29T14:51:32.185Z
euce1prda 2019-11-29T14:51:33.799Z

C:\apps\updatetenantversion>node index.js 
apse2prda 2019-11-29T15:51:31.852Z
usea1prda 2019-11-29T15:51:31.852Z
euce1prda 2019-11-29T15:51:34.480Z

C:\apps\updatetenantversion>node index.js 
apse2prda 2019-11-29T15:52:46.552Z
usea1prda 2019-11-29T15:52:46.552Z
euce1prda 2019-11-29T15:52:46.552Z

C:\apps\updatetenantversion>node index.js 
Changed EDUGDENA003_DEM 'ce01025' ce01025 'ce01025'
Changed EDUGDENA003_TRN 'ce01025' ce01025 'ce01025'
usea1prda 2019-11-29T16:51:31.815Z
euce1prda 2019-11-29T16:51:31.815Z
apse2prda 2019-11-29T16:51:33.283Z

C:\apps\updatetenantversion>node index.js 
apse2prda 2019-11-29T17:51:32.127Z
usea1prda 2019-11-29T17:51:32.127Z
euce1prda 2019-11-29T17:51:32.127Z

C:\apps\updatetenantversion>node index.js 
usea1prda 2019-11-29T18:51:31.802Z
euce1prda 2019-11-29T18:51:31.802Z
apse2prda 2019-11-29T18:51:31.819Z

C:\apps\updatetenantversion>node index.js 
euce1prda 2019-11-29T19:51:32.819Z
usea1prda 2019-11-29T19:51:32.853Z
apse2prda 2019-11-29T19:51:34.266Z

C:\apps\updatetenantversion>node index.js 
euce1prda 2019-11-29T20:51:31.687Z
usea1prda 2019-11-29T20:51:31.687Z
apse2prda 2019-11-29T20:51:31.687Z

C:\apps\updatetenantversion>node index.js 
usea1prda 2019-11-29T21:51:33.057Z
euce1prda 2019-11-29T21:51:33.057Z
apse2prda 2019-11-29T21:51:34.180Z

C:\apps\updatetenantversion>node index.js 
Changed MICHELINO2C_DEV 'ce01025' ce01025 'ce01025'
Changed MICHELINO2C_TST 'ce01025' ce01025 'ce01025'
euce1prda 2019-11-29T22:51:31.706Z
usea1prda 2019-11-29T22:51:31.706Z
apse2prda 2019-11-29T22:51:31.706Z

C:\apps\updatetenantversion>node index.js 
euce1prda 2019-11-29T23:51:31.750Z
usea1prda 2019-11-29T23:51:31.750Z
apse2prda 2019-11-29T23:51:31.983Z

C:\apps\updatetenantversion>node index.js 
usea1prda 2019-11-29T23:52:25.957Z
euce1prda 2019-11-29T23:52:25.985Z
apse2prda 2019-11-29T23:52:25.985Z

C:\apps\updatetenantversion>node index.js 
apse2prda 2019-11-30T00:51:31.981Z
euce1prda 2019-11-30T00:51:31.981Z
usea1prda 2019-11-30T00:51:31.981Z

C:\apps\updatetenantversion>node index.js 
usea1prda 2019-11-30T01:51:31.778Z
apse2prda 2019-11-30T01:51:31.778Z
euce1prda 2019-11-30T01:51:31.793Z

C:\apps\updatetenantversion>node index.js 
apse2prda 2019-11-30T02:51:31.629Z
euce1prda 2019-11-30T02:51:31.629Z
usea1prda 2019-11-30T02:51:31.629Z

C:\apps\updatetenantversion>node index.js 
apse2prda 2019-11-30T03:51:31.943Z
euce1prda 2019-11-30T03:51:31.970Z
usea1prda 2019-11-30T03:51:37.269Z

C:\apps\updatetenantversion>node index.js 
usea1prda 2019-11-30T04:51:31.748Z
apse2prda 2019-11-30T04:51:31.748Z
euce1prda 2019-11-30T04:51:31.748Z

C:\apps\updatetenantversion>node index.js 
usea1prda 2019-11-30T05:51:31.895Z
euce1prda 2019-11-30T05:51:31.895Z
apse2prda 2019-11-30T05:51:31.895Z

C:\apps\updatetenantversion>node index.js 
apse2prda 2019-11-30T06:51:31.615Z
usea1prda 2019-11-30T06:51:31.615Z
euce1prda 2019-11-30T06:51:31.615Z

C:\apps\updatetenantversion>node index.js 
euce1prda 2019-11-30T07:51:32.481Z
usea1prda 2019-11-30T07:51:32.481Z
apse2prda 2019-11-30T07:51:32.509Z

C:\apps\updatetenantversion>node index.js 
euce1prda 2019-11-30T08:51:32.180Z
apse2prda 2019-11-30T08:51:32.235Z
usea1prda 2019-11-30T08:51:32.235Z

C:\apps\updatetenantversion>node index.js 
euce1prda 2019-11-30T09:51:32.170Z
apse2prda 2019-11-30T09:51:32.170Z
usea1prda 2019-11-30T09:51:32.174Z

C:\apps\updatetenantversion>node index.js 
apse2prda 2019-11-30T10:51:33.075Z
usea1prda 2019-11-30T10:51:33.075Z
euce1prda 2019-11-30T10:51:33.075Z

C:\apps\updatetenantversion>node index.js 
apse2prda 2019-11-30T11:51:32.471Z
usea1prda 2019-11-30T11:51:32.464Z
euce1prda 2019-11-30T11:51:32.464Z

C:\apps\updatetenantversion>node index.js 
apse2prda 2019-11-30T12:51:31.824Z
usea1prda 2019-11-30T12:51:31.824Z
euce1prda 2019-11-30T12:51:31.824Z

C:\apps\updatetenantversion>node index.js 
usea1prda 2019-11-30T13:51:31.822Z
apse2prda 2019-11-30T13:51:31.884Z
euce1prda 2019-11-30T13:51:31.884Z

C:\apps\updatetenantversion>node index.js 
euce1prda 2019-11-30T14:51:31.786Z
usea1prda 2019-11-30T14:51:31.786Z
apse2prda 2019-11-30T14:51:31.786Z

C:\apps\updatetenantversion>node index.js 
usea1prda 2019-11-30T15:51:31.671Z
euce1prda 2019-11-30T15:51:31.671Z
apse2prda 2019-11-30T15:51:32.654Z

C:\apps\updatetenantversion>node index.js 
apse2prda 2019-11-30T15:52:47.320Z
usea1prda 2019-11-30T15:52:47.354Z
euce1prda 2019-11-30T15:52:47.354Z

C:\apps\updatetenantversion>node index.js 
usea1prda 2019-11-30T16:51:31.811Z
apse2prda 2019-11-30T16:51:31.870Z
euce1prda 2019-11-30T16:51:31.870Z

C:\apps\updatetenantversion>node index.js 
usea1prda 2019-11-30T17:51:31.754Z
apse2prda 2019-11-30T17:51:31.754Z
euce1prda 2019-11-30T17:51:31.767Z

C:\apps\updatetenantversion>node index.js 
apse2prda 2019-11-30T18:51:32.863Z
euce1prda 2019-11-30T18:51:32.863Z
usea1prda 2019-11-30T18:51:32.863Z

C:\apps\updatetenantversion>node index.js 
usea1prda 2019-11-30T19:51:32.720Z
euce1prda 2019-11-30T19:51:32.720Z
apse2prda 2019-11-30T19:51:32.720Z

C:\apps\updatetenantversion>node index.js 
euce1prda 2019-11-30T20:51:31.628Z
apse2prda 2019-11-30T20:51:31.628Z
usea1prda 2019-11-30T20:51:31.686Z

C:\apps\updatetenantversion>node index.js 
euce1prda 2019-11-30T21:51:32.888Z
usea1prda 2019-11-30T21:51:32.888Z
apse2prda 2019-11-30T21:51:32.888Z

C:\apps\updatetenantversion>node index.js 
euce1prda 2019-11-30T22:51:31.600Z
apse2prda 2019-11-30T22:51:31.619Z
usea1prda 2019-11-30T22:51:31.619Z

C:\apps\updatetenantversion>node index.js 
usea1prda 2019-11-30T23:51:31.830Z
euce1prda 2019-11-30T23:51:31.832Z
apse2prda 2019-11-30T23:51:31.832Z

C:\apps\updatetenantversion>node index.js 
usea1prda 2019-11-30T23:52:26.775Z
apse2prda 2019-11-30T23:52:26.775Z
euce1prda 2019-11-30T23:52:26.775Z

C:\apps\updatetenantversion>node index.js 
euce1prda 2019-12-01T00:51:31.480Z
apse2prda 2019-12-01T00:51:31.480Z
usea1prda 2019-12-01T00:51:31.631Z

C:\apps\updatetenantversion>node index.js 
apse2prda 2019-12-01T01:51:31.873Z
euce1prda 2019-12-01T01:51:31.873Z
usea1prda 2019-12-01T01:51:31.898Z

C:\apps\updatetenantversion>node index.js 
euce1prda 2019-12-01T02:51:31.649Z
usea1prda 2019-12-01T02:51:31.699Z
apse2prda 2019-12-01T02:51:31.699Z

C:\apps\updatetenantversion>node index.js 
usea1prda 2019-12-01T03:51:31.994Z
apse2prda 2019-12-01T03:51:31.994Z
euce1prda 2019-12-01T03:51:32.009Z

C:\apps\updatetenantversion>node index.js 
Changed ANDERSENCORP_DEV 'ce01025' ce01025 'ce01025'
Changed ANDERSENCORP_PRD 'ce01025' ce01025 'ce01025'
Changed ANDERSENCORP_TST 'ce01025' ce01025 'ce01025'
euce1prda 2019-12-01T04:51:31.783Z
apse2prda 2019-12-01T04:51:31.783Z
usea1prda 2019-12-01T04:51:31.783Z

C:\apps\updatetenantversion>node index.js 
apse2prda 2019-12-01T05:51:31.761Z
usea1prda 2019-12-01T05:51:31.768Z
euce1prda 2019-12-01T05:51:31.768Z

C:\apps\updatetenantversion>node index.js 
euce1prda 2019-12-01T06:51:31.664Z
apse2prda 2019-12-01T06:51:31.664Z
usea1prda 2019-12-01T06:51:31.670Z

C:\apps\updatetenantversion>node index.js 
apse2prda 2019-12-01T07:51:32.615Z
usea1prda 2019-12-01T07:51:32.647Z
euce1prda 2019-12-01T07:51:32.647Z

C:\apps\updatetenantversion>node index.js 
apse2prda 2019-12-01T08:51:32.347Z
euce1prda 2019-12-01T08:51:32.347Z
usea1prda 2019-12-01T08:51:32.347Z

C:\apps\updatetenantversion>node index.js 
euce1prda 2019-12-01T09:51:32.308Z
apse2prda 2019-12-01T09:51:32.308Z
usea1prda 2019-12-01T09:51:32.308Z

C:\apps\updatetenantversion>node index.js 
apse2prda 2019-12-01T10:51:32.441Z
usea1prda 2019-12-01T10:51:32.465Z
euce1prda 2019-12-01T10:51:32.465Z

C:\apps\updatetenantversion>node index.js 
apse2prda 2019-12-01T11:51:32.880Z
euce1prda 2019-12-01T11:51:32.896Z
usea1prda 2019-12-01T11:51:32.896Z

C:\apps\updatetenantversion>node index.js 
euce1prda 2019-12-01T12:51:32.454Z
usea1prda 2019-12-01T12:51:32.506Z
apse2prda 2019-12-01T12:51:32.506Z

C:\apps\updatetenantversion>node index.js 
apse2prda 2019-12-01T13:51:32.442Z
euce1prda 2019-12-01T13:51:32.442Z
usea1prda 2019-12-01T13:51:32.442Z

C:\apps\updatetenantversion>node index.js 
usea1prda 2019-12-01T14:51:32.454Z
apse2prda 2019-12-01T14:51:32.454Z
euce1prda 2019-12-01T14:51:32.469Z

C:\apps\updatetenantversion>node index.js 
apse2prda 2019-12-01T15:51:32.647Z
euce1prda 2019-12-01T15:51:32.647Z
usea1prda 2019-12-01T15:51:32.647Z

C:\apps\updatetenantversion>node index.js 
euce1prda 2019-12-01T15:52:46.930Z
usea1prda 2019-12-01T15:52:46.930Z
apse2prda 2019-12-01T15:52:46.930Z

C:\apps\updatetenantversion>node index.js 
apse2prda 2019-12-01T16:51:32.886Z
euce1prda 2019-12-01T16:51:32.886Z
usea1prda 2019-12-01T16:51:32.886Z

C:\apps\updatetenantversion>node index.js 
euce1prda 2019-12-01T17:51:32.516Z
apse2prda 2019-12-01T17:51:32.516Z
usea1prda 2019-12-01T17:51:32.534Z

C:\apps\updatetenantversion>node index.js 
apse2prda 2019-12-01T18:51:32.375Z
usea1prda 2019-12-01T18:51:32.375Z
euce1prda 2019-12-01T18:51:32.375Z

C:\apps\updatetenantversion>node index.js 
usea1prda 2019-12-01T19:51:32.685Z
apse2prda 2019-12-01T19:51:32.685Z
euce1prda 2019-12-01T19:51:32.685Z

C:\apps\updatetenantversion>node index.js 
usea1prda 2019-12-01T20:51:31.672Z
euce1prda 2019-12-01T20:51:31.672Z
apse2prda 2019-12-01T20:51:31.947Z

C:\apps\updatetenantversion>node index.js 
usea1prda 2019-12-01T21:51:32.806Z
apse2prda 2019-12-01T21:51:32.806Z
euce1prda 2019-12-01T21:51:32.806Z

C:\apps\updatetenantversion>node index.js 
Changed MATTEXDUBAI_TRN 'ce01025' ce01025 'ce01025'
euce1prda 2019-12-01T22:51:31.562Z
apse2prda 2019-12-01T22:51:31.562Z
usea1prda 2019-12-01T22:51:31.587Z

C:\apps\updatetenantversion>node index.js 
euce1prda 2019-12-01T23:51:31.644Z
apse2prda 2019-12-01T23:51:31.738Z
usea1prda 2019-12-01T23:51:31.755Z

C:\apps\updatetenantversion>node index.js 
usea1prda 2019-12-01T23:52:25.694Z
euce1prda 2019-12-01T23:52:25.706Z
apse2prda 2019-12-01T23:52:25.706Z

C:\apps\updatetenantversion>node index.js 
usea1prda 2019-12-02T00:51:31.721Z
euce1prda 2019-12-02T00:51:31.721Z
apse2prda 2019-12-02T00:51:31.721Z

C:\apps\updatetenantversion>node index.js 
apse2prda 2019-12-02T01:51:31.749Z
usea1prda 2019-12-02T01:51:31.749Z
euce1prda 2019-12-02T01:51:31.749Z

C:\apps\updatetenantversion>node index.js 
Changed AIRWORK_TRN 'ce01025' ce01025 'ce01025'
Changed WATERCARE_AX1 'ce01025' ce01025 'ce01025'
Changed WATERCARE_DEM 'ce01025' ce01025 'ce01025'
euce1prda 2019-12-02T02:51:31.689Z
apse2prda 2019-12-02T02:51:31.694Z
usea1prda 2019-12-02T02:51:31.694Z

C:\apps\updatetenantversion>node index.js 
usea1prda 2019-12-02T03:51:31.738Z
euce1prda 2019-12-02T03:51:31.738Z
apse2prda 2019-12-02T03:51:31.738Z

C:\apps\updatetenantversion>node index.js 
euce1prda 2019-12-02T04:51:31.741Z
usea1prda 2019-12-02T04:51:31.741Z
apse2prda 2019-12-02T04:51:31.741Z

C:\apps\updatetenantversion>node index.js 
usea1prda 2019-12-02T05:51:31.495Z
euce1prda 2019-12-02T05:51:31.498Z
apse2prda 2019-12-02T05:51:31.498Z

C:\apps\updatetenantversion>node index.js 
usea1prda 2019-12-02T06:51:31.660Z
apse2prda 2019-12-02T06:51:31.699Z
euce1prda 2019-12-02T06:51:31.730Z

C:\apps\updatetenantversion>node index.js 
euce1prda 2019-12-02T07:51:32.047Z
usea1prda 2019-12-02T07:51:36.114Z
apse2prda 2019-12-02T07:51:36.114Z

C:\apps\updatetenantversion>node index.js 
euce1prda 2019-12-02T08:51:32.088Z
apse2prda 2019-12-02T08:51:32.088Z
usea1prda 2019-12-02T08:51:32.088Z

C:\apps\updatetenantversion>node index.js 
euce1prda 2019-12-02T09:51:32.251Z
apse2prda 2019-12-02T09:51:32.251Z
usea1prda 2019-12-02T09:51:32.485Z

C:\apps\updatetenantversion>node index.js 
Changed ICSEUWNA001_TST 'ce01025' ce01025 'ce01025'
euce1prda 2019-12-02T10:51:32.254Z
apse2prda 2019-12-02T10:51:32.254Z
usea1prda 2019-12-02T10:51:32.254Z

C:\apps\updatetenantversion>node index.js 
euce1prda 2019-12-02T11:51:31.878Z
apse2prda 2019-12-02T11:51:31.913Z
usea1prda 2019-12-02T11:51:31.913Z

C:\apps\updatetenantversion>node index.js 
apse2prda 2019-12-02T12:51:32.157Z
euce1prda 2019-12-02T12:51:32.157Z
usea1prda 2019-12-02T12:51:32.157Z

C:\apps\updatetenantversion>node index.js 
apse2prda 2019-12-02T13:51:31.987Z
euce1prda 2019-12-02T13:51:31.987Z
usea1prda 2019-12-02T13:51:31.987Z

C:\apps\updatetenantversion>node index.js 
usea1prda 2019-12-02T14:51:32.224Z
apse2prda 2019-12-02T14:51:32.224Z
euce1prda 2019-12-02T14:51:32.224Z

C:\apps\updatetenantversion>node index.js 
euce1prda 2019-12-02T15:51:31.902Z
apse2prda 2019-12-02T15:51:31.902Z
usea1prda 2019-12-02T15:51:31.902Z

C:\apps\updatetenantversion>node index.js 
apse2prda 2019-12-02T15:52:47.031Z
usea1prda 2019-12-02T15:52:47.063Z
euce1prda 2019-12-02T15:52:47.063Z

C:\apps\updatetenantversion>node index.js 
apse2prda 2019-12-02T16:51:32.169Z
euce1prda 2019-12-02T16:51:32.169Z
usea1prda 2019-12-02T16:51:32.169Z

C:\apps\updatetenantversion>node index.js 
usea1prda 2019-12-02T17:51:32.107Z
euce1prda 2019-12-02T17:51:32.149Z
apse2prda 2019-12-02T17:51:32.149Z

C:\apps\updatetenantversion>node index.js 
usea1prda 2019-12-02T18:51:31.876Z
euce1prda 2019-12-02T18:51:31.879Z
apse2prda 2019-12-02T18:51:31.879Z

C:\apps\updatetenantversion>node index.js 
euce1prda 2019-12-02T19:51:32.884Z
apse2prda 2019-12-02T19:51:32.884Z
usea1prda 2019-12-02T19:51:32.884Z

C:\apps\updatetenantversion>node index.js 
apse2prda 2019-12-02T20:51:32.913Z
usea1prda 2019-12-02T20:51:32.913Z
euce1prda 2019-12-02T20:51:32.932Z

C:\apps\updatetenantversion>node index.js 
euce1prda 2019-12-02T21:51:32.710Z
apse2prda 2019-12-02T21:51:32.710Z
usea1prda 2019-12-02T21:51:32.710Z

C:\apps\updatetenantversion>node index.js 
euce1prda 2019-12-02T22:51:32.259Z
usea1prda 2019-12-02T22:51:32.259Z
apse2prda 2019-12-02T22:51:32.267Z

C:\apps\updatetenantversion>node index.js 
usea1prda 2019-12-02T23:51:32.114Z
apse2prda 2019-12-02T23:51:32.114Z
euce1prda 2019-12-02T23:51:32.114Z

C:\apps\updatetenantversion>node index.js 
apse2prda 2019-12-02T23:52:25.401Z
usea1prda 2019-12-02T23:52:25.401Z
euce1prda 2019-12-02T23:52:25.401Z

C:\apps\updatetenantversion>node index.js 
apse2prda 2019-12-03T00:51:32.009Z
euce1prda 2019-12-03T00:51:32.009Z
usea1prda 2019-12-03T00:51:32.009Z

C:\apps\updatetenantversion>node index.js 
apse2prda 2019-12-03T01:51:31.773Z
usea1prda 2019-12-03T01:51:31.788Z
euce1prda 2019-12-03T01:51:31.788Z

C:\apps\updatetenantversion>node index.js 
apse2prda 2019-12-03T02:51:31.631Z
usea1prda 2019-12-03T02:51:31.631Z
euce1prda 2019-12-03T02:51:31.631Z

C:\apps\updatetenantversion>node index.js 
apse2prda 2019-12-03T03:51:31.705Z
euce1prda 2019-12-03T03:51:31.705Z
usea1prda 2019-12-03T03:51:31.900Z

C:\apps\updatetenantversion>node index.js 
usea1prda 2019-12-03T04:51:31.727Z
apse2prda 2019-12-03T04:51:31.727Z
euce1prda 2019-12-03T04:51:31.742Z

C:\apps\updatetenantversion>node index.js 
apse2prda 2019-12-03T05:51:31.774Z
usea1prda 2019-12-03T05:51:31.774Z
euce1prda 2019-12-03T05:51:31.774Z

C:\apps\updatetenantversion>node index.js 
euce1prda 2019-12-03T06:51:31.556Z
apse2prda 2019-12-03T06:51:31.556Z
usea1prda 2019-12-03T06:51:31.556Z

C:\apps\updatetenantversion>node index.js 
usea1prda 2019-12-03T07:51:33.449Z
apse2prda 2019-12-03T07:51:33.449Z
euce1prda 2019-12-03T07:51:33.449Z

C:\apps\updatetenantversion>node index.js 
usea1prda 2019-12-03T08:51:32.688Z
euce1prda 2019-12-03T08:51:33.112Z
apse2prda 2019-12-03T08:51:33.284Z

C:\apps\updatetenantversion>node index.js 
euce1prda 2019-12-03T09:51:32.566Z
usea1prda 2019-12-03T09:51:32.566Z
apse2prda 2019-12-03T09:51:32.581Z

C:\apps\updatetenantversion>node index.js 
apse2prda 2019-12-03T10:51:32.610Z
usea1prda 2019-12-03T10:51:32.678Z
euce1prda 2019-12-03T10:51:32.678Z

C:\apps\updatetenantversion>node index.js 
usea1prda 2019-12-03T11:51:32.632Z
euce1prda 2019-12-03T11:51:32.632Z
apse2prda 2019-12-03T11:51:32.658Z

C:\apps\updatetenantversion>node index.js 
euce1prda 2019-12-03T12:51:32.621Z
usea1prda 2019-12-03T12:51:32.668Z
apse2prda 2019-12-03T12:51:32.668Z

C:\apps\updatetenantversion>node index.js 
usea1prda 2019-12-03T13:51:32.774Z
euce1prda 2019-12-03T13:51:32.774Z
apse2prda 2019-12-03T13:51:32.774Z

C:\apps\updatetenantversion>node index.js 
usea1prda 2019-12-03T14:51:33.074Z
euce1prda 2019-12-03T14:51:33.074Z
apse2prda 2019-12-03T14:51:33.074Z

C:\apps\updatetenantversion>node index.js 
apse2prda 2019-12-03T15:51:32.539Z
euce1prda 2019-12-03T15:51:32.539Z
usea1prda 2019-12-03T15:51:32.573Z

C:\apps\updatetenantversion>node index.js 
usea1prda 2019-12-03T15:52:47.709Z
apse2prda 2019-12-03T15:52:47.709Z
euce1prda 2019-12-03T15:52:48.019Z

C:\apps\updatetenantversion>node index.js 
usea1prda 2019-12-03T16:51:32.493Z
euce1prda 2019-12-03T16:51:32.493Z
apse2prda 2019-12-03T16:51:32.493Z

C:\apps\updatetenantversion>node index.js 
euce1prda 2019-12-03T17:51:32.683Z
usea1prda 2019-12-03T17:51:32.683Z
apse2prda 2019-12-03T17:51:32.683Z

C:\apps\updatetenantversion>node index.js 
euce1prda 2019-12-03T18:51:32.443Z
usea1prda 2019-12-03T18:51:32.467Z
apse2prda 2019-12-03T18:51:32.467Z

C:\apps\updatetenantversion>node index.js 
apse2prda 2019-12-03T19:51:33.297Z
usea1prda 2019-12-03T19:51:33.297Z
euce1prda 2019-12-03T19:51:33.297Z

C:\apps\updatetenantversion>node index.js 
euce1prda 2019-12-03T20:51:31.557Z
usea1prda 2019-12-03T20:51:31.557Z
apse2prda 2019-12-03T20:51:31.557Z

C:\apps\updatetenantversion>node index.js 
euce1prda 2019-12-03T21:51:32.824Z
apse2prda 2019-12-03T21:51:32.824Z
usea1prda 2019-12-03T21:51:32.824Z

C:\apps\updatetenantversion>node index.js 
apse2prda 2019-12-03T22:51:31.510Z
usea1prda 2019-12-03T22:51:31.510Z
euce1prda 2019-12-03T22:51:31.510Z

C:\apps\updatetenantversion>node index.js 
usea1prda 2019-12-03T23:51:36.085Z
euce1prda 2019-12-03T23:51:36.085Z
apse2prda 2019-12-03T23:51:36.085Z

C:\apps\updatetenantversion>node index.js 
euce1prda 2019-12-03T23:52:26.005Z
apse2prda 2019-12-03T23:52:26.101Z
usea1prda 2019-12-03T23:52:26.101Z

C:\apps\updatetenantversion>node index.js 
usea1prda 2019-12-04T00:51:31.644Z
apse2prda 2019-12-04T00:51:31.674Z
euce1prda 2019-12-04T00:51:31.674Z

C:\apps\updatetenantversion>node index.js 
usea1prda 2019-12-04T01:51:32.021Z
euce1prda 2019-12-04T01:51:32.021Z
apse2prda 2019-12-04T01:51:32.021Z

C:\apps\updatetenantversion>node index.js 
euce1prda 2019-12-04T02:51:36.093Z
usea1prda 2019-12-04T02:51:36.093Z

C:\apps\updatetenantversion>node index.js 
euce1prda 2019-12-04T03:51:32.157Z
usea1prda 2019-12-04T03:51:32.157Z

C:\apps\updatetenantversion>node index.js 
usea1prda 2019-12-04T04:51:32.384Z
euce1prda 2019-12-04T04:51:32.384Z

C:\apps\updatetenantversion>node index.js 
usea1prda 2019-12-04T05:51:31.788Z
euce1prda 2019-12-04T05:51:31.788Z

C:\apps\updatetenantversion>node index.js 
euce1prda 2019-12-04T06:51:31.634Z
usea1prda 2019-12-04T06:51:31.634Z

C:\apps\updatetenantversion>node index.js 
euce1prda 2019-12-04T07:51:32.637Z
usea1prda 2019-12-04T07:51:32.637Z

C:\apps\updatetenantversion>node index.js 
usea1prda 2019-12-04T08:51:33.484Z
euce1prda 2019-12-04T08:51:33.484Z

C:\apps\updatetenantversion>node index.js 
euce1prda 2019-12-04T09:51:32.406Z
usea1prda 2019-12-04T09:51:32.432Z
